Lattice Timing Report -  Setup  and Hold, Version Radiant Software (64-bit) 2026.1.0.37.0

Tue Sep  8 06:08:02 2026

Copyright (c) 1991-1994 by NeoCAD Inc. All rights reserved.
Copyright (c) 1995 AT&T Corp.   All rights reserved.
Copyright (c) 1995-2001 Lucent Technologies Inc.  All rights reserved.
Copyright (c) 2001 Agere Systems   All rights reserved.
Copyright (c) 2002-2026 Lattice Semiconductor Corporation,  All rights reserved.

Command line:    timing -sethld -v 10 -u 10 -endpoints 10 -nperend 1 -sp High-Performance_1.2V -hsp m -pwrprd -html -rpt lab1_JI_impl_1.twr lab1_JI_impl_1.udb -gui -msgset C:/Users/jikehara/my designs/lab1_JI/promote.xml

-----------------------------------------
Design:          lab1_JI
Family:          iCE40UP
Device:          iCE40UP5K
Package:         SG48
Performance:     High-Performance_1.2V
Package Status:                     Preliminary    Version 1.5
**Performance Hardware Data Status :   Advanced Version 1.0
-----------------------------------------


=====================================================================
                    Table of Contents
=====================================================================
    1  Timing Overview
        1.1  SDC Constraints
        1.2  Constraint Coverage
        1.3  Overall Summary
        1.4  Unconstrained Report
        1.5  Combinational Loop
    2  Setup at Speed Grade High-Performance_1.2V Corner at 100 Degrees
        2.1  Clock Summary
        2.2  Endpoint slacks
        2.3  Detailed Report
    3  Hold at Speed Grade m Corner at -40 Degrees
        3.1  Endpoint slacks
        3.2  Detailed Report

=====================================================================
                    End of Table of Contents
=====================================================================

==============================================
1  Timing Overview
==============================================

1.1  SDC Constraints
=====================
create_clock -name {int_osc} -period 20.8333 [get_pins {hf_osc/CLKHF }] 

1.2  Constraint Coverage
---------------------------
Constraint Coverage: 72.9167%


1.3  Overall Summary
---------------------------
 Setup at Speed Grade High-Performance_1.2V Corner at 100 Degrees     Timing Errors: 0 endpoints;  Total Negative Slack: 0.000 ns 
 Hold at Speed Grade m Corner at -40 Degrees                          Timing Errors: 0 endpoints;  Total Negative Slack: 0.000 ns 

1.4  Unconstrained Report
===========================

1.4.1  Unconstrained Start/End Points
--------------------------------------

Clocked but unconstrained timing start points
--------------------------------------------------
There is no start point satisfying reporting criteria


Clocked but unconstrained timing end points
--------------------------------------------------
There is no end point satisfying reporting criteria


1.4.2  Start/End Points Without Timing Constraints
---------------------------------------------------

I/O ports without constraint
----------------------------
Possible constraints to use on I/O ports are:
set_input_delay,
set_output_delay,
set_max_delay,
create_clock,
create_generated_clock,
...

-------------------------------------------------------------------
     Listing 10 Start or End Points     |           Type           
-------------------------------------------------------------------
s[3]                                    |                     input
s[2]                                    |                     input
s[1]                                    |                     input
s[0]                                    |                     input
led[2]                                  |                    output
led[1]                                  |                    output
led[0]                                  |                    output
seg[6]                                  |                    output
seg[5]                                  |                    output
seg[4]                                  |                    output
-------------------------------------------------------------------
                                        |                          
Number of I/O ports without constraint  |                        14
                                        |                          
-------------------------------------------------------------------

Nets without clock definition
Define a clock on a top level port or a generated clock on a clock divider pin associated with this net(s).
--------------------------------------------------
There is no instance satisfying reporting criteria



1.5  Combinational Loop
========================
None

===============================================================
2  Setup at Speed Grade High-Performance_1.2V Corner at 100 Degrees
===============================================================

2.1  Clock Summary
=======================

2.1.1 Clock "int_osc"
=======================
create_clock -name {int_osc} -period 20.8333 [get_pins {hf_osc/CLKHF }] 

Single Clock Domain
-------------------------------------------------------------------------------------------------------
             Clock int_osc              |                    |       Period       |     Frequency      
-------------------------------------------------------------------------------------------------------
 From int_osc                           |             Target |          20.833 ns |         48.000 MHz 
                                        | Actual (all paths) |          20.792 ns |         48.095 MHz 
hf_osc/CLKHF (MPW)                      |   (50% duty cycle) |          20.792 ns |         48.095 MHz 
-------------------------------------------------------------------------------------------------------

Clock Domain Crossing

2.2  Endpoint slacks
=======================
-------------------------------------------------------
          Listing 10 End Points          |    Slack    
-------------------------------------------------------
blink_counter/count_8__i23/SR            |    6.201 ns 
blink_counter/blink/D                    |    6.624 ns 
{blink_counter/count_8__i7/SR   blink_counter/count_8__i8/SR}              
                                         |    7.391 ns 
{blink_counter/count_8__i9/SR   blink_counter/count_8__i10/SR}              
                                         |    7.391 ns 
{blink_counter/count_8__i15/SR   blink_counter/count_8__i16/SR}              
                                         |    7.391 ns 
{blink_counter/count_8__i17/SR   blink_counter/count_8__i18/SR}              
                                         |    7.391 ns 
{blink_counter/count_8__i19/SR   blink_counter/count_8__i20/SR}              
                                         |    7.391 ns 
{blink_counter/count_8__i21/SR   blink_counter/count_8__i22/SR}              
                                         |    7.391 ns 
{blink_counter/count_8__i11/SR   blink_counter/count_8__i12/SR}              
                                         |    7.391 ns 
{blink_counter/count_8__i13/SR   blink_counter/count_8__i14/SR}              
                                         |    7.391 ns 
-------------------------------------------------------
                                         |             
Setup # of endpoints with negative slack:|           0 
                                         |             
-------------------------------------------------------

2.3  Detailed Report
=======================


XXXXXXXXXXXXXXXXXXXXXXXXXXXXXXXXXXXXXXXXXXXXXXXXXXXXXXXXXX

Detail report of critical paths

XXXXXXXXXXXXXXXXXXXXXXXXXXXXXXXXXXXXXXXXXXXXXXXXXXXXXXXXXX

+++++++++++++++++++++++++++++++++++++++++++++++++++++++++++++++++++++ 
                    Detailed Report for timing paths 
+++++++++++++++++++++++++++++++++++++++++++++++++++++++++++++++++++++ 

++++ Path 1 ++++++++++++++++++++++++++++++++++++++++++++++++++++++++++ 

Path Begin       : blink_counter/count_8__i21/Q  (SLICE_R17C19D)
Path End         : blink_counter/count_8__i23/SR  (SLICE_R17C20A)
Source Clock     : int_osc (R)
Destination Clock: int_osc (R)
Logic Level      : 6
Delay Ratio      : 73.9% (route), 26.1% (logic)
Clock Skew       : 0.000 ns 
Setup Constraint : 20.833 ns 
Path Slack       : 6.201 ns  (Passed)


Source Clock Path
Name                                      Cell/Site Name     Delay Name       Incr      Arrival/Required Time  Fanout  
----------------------------------------  -----------------  ---------------  --------  ---------------------  ------  
hf_osc/CLKHF                              HFOSC_HFOSC_R1C32  CLOCK LATENCY       0.000                  0.000  15      
blink_counter/int_osc                                        NET DELAY           5.499                  5.499  15      
{blink_counter/count_8__i21/CK   blink_counter/count_8__i22/CK}
                                                             CLOCK PIN           0.000                  5.499  1       


Data Path
Name                                      Cell/Site Name     Delay Name       Incr      Arrival/Required Time  Fanout  
----------------------------------------  -----------------  ---------------  --------  ---------------------  ------  
blink_counter/count_8__i21/CK->blink_counter/count_8__i21/Q
                                          SLICE_R17C19D      CLK_TO_Q0_DELAY     1.388                  6.887  2       
blink_counter/count[21]                                      NET DELAY           2.141                  9.028  2       
blink_counter/i7_4_lut/D->blink_counter/i7_4_lut/Z
                                          SLICE_R18C19D      A0_TO_F0_DELAY      0.449                  9.477  1       
blink_counter/n17                                            NET DELAY           2.168                 11.645  1       
blink_counter/i9_4_lut/A->blink_counter/i9_4_lut/Z
                                          SLICE_R18C18A      D1_TO_F1_DELAY      0.476                 12.121  1       
blink_counter/n280                                           NET DELAY           0.304                 12.425  1       
blink_counter/i12_4_lut/C->blink_counter/i12_4_lut/Z
                                          SLICE_R18C18B      C0_TO_F0_DELAY      0.476                 12.901  1       
blink_counter/n27                                            NET DELAY           0.304                 13.205  1       
blink_counter/i6_4_lut/A->blink_counter/i6_4_lut/Z
                                          SLICE_R18C18B      C1_TO_F1_DELAY      0.449                 13.654  1       
blink_counter/n15                                            NET DELAY           2.168                 15.822  1       
blink_counter/i8_4_lut/A->blink_counter/i8_4_lut/Z
                                          SLICE_R18C18C      D1_TO_F1_DELAY      0.449                 16.271  14      
blink_counter/n114                                           NET DELAY           3.331                 19.602  14      
blink_counter/count_8__i23/SR                                ENDPOINT            0.000                 19.602  1       


Destination Clock Path
Name                                      Cell/Site Name     Delay Name       Incr      Arrival/Required Time  Fanout  
----------------------------------------  -----------------  ---------------  --------  ---------------------  ------  
                                                             CONSTRAINT          0.000                 20.833  1       
hf_osc/CLKHF                              HFOSC_HFOSC_R1C32  CLOCK LATENCY       0.000                 20.833  15      
blink_counter/int_osc                                        NET DELAY           5.499                 26.332  15      
blink_counter/count_8__i23/CK                                CLOCK PIN           0.000                 26.332  1       
                                                             Uncertainty      -(0.000)                 26.332  
                                                             Setup time       -(0.529)                 25.803  
----------------------------------------  -----------------  ---------------  --------  ---------------------  ------  
Required Time                                                                                          25.803  
Arrival Time                                                                                        -(19.601)  
----------------------------------------  -----------------  ---------------  --------  ---------------------  ------  
Path Slack  (Passed)                                                                                    6.201  




++++ Path 2 ++++++++++++++++++++++++++++++++++++++++++++++++++++++++++ 

Path Begin       : blink_counter/count_8__i21/Q  (SLICE_R17C19D)
Path End         : blink_counter/blink/D  (SLICE_R18C20C)
Source Clock     : int_osc (R)
Destination Clock: int_osc (R)
Logic Level      : 7
Delay Ratio      : 70.3% (route), 29.7% (logic)
Clock Skew       : 0.000 ns 
Setup Constraint : 20.833 ns 
Path Slack       : 6.624 ns  (Passed)


Source Clock Path
Name                                      Cell/Site Name     Delay Name       Incr      Arrival/Required Time  Fanout  
----------------------------------------  -----------------  ---------------  --------  ---------------------  ------  
hf_osc/CLKHF                              HFOSC_HFOSC_R1C32  CLOCK LATENCY       0.000                  0.000  15      
blink_counter/int_osc                                        NET DELAY           5.499                  5.499  15      
{blink_counter/count_8__i21/CK   blink_counter/count_8__i22/CK}
                                                             CLOCK PIN           0.000                  5.499  1       


Data Path
Name                                      Cell/Site Name     Delay Name       Incr      Arrival/Required Time  Fanout  
----------------------------------------  -----------------  ---------------  --------  ---------------------  ------  
blink_counter/count_8__i21/CK->blink_counter/count_8__i21/Q
                                          SLICE_R17C19D      CLK_TO_Q0_DELAY     1.388                  6.887  2       
blink_counter/count[21]                                      NET DELAY           2.141                  9.028  2       
blink_counter/i7_4_lut/D->blink_counter/i7_4_lut/Z
                                          SLICE_R18C19D      A0_TO_F0_DELAY      0.449                  9.477  1       
blink_counter/n17                                            NET DELAY           2.168                 11.645  1       
blink_counter/i9_4_lut/A->blink_counter/i9_4_lut/Z
                                          SLICE_R18C18A      D1_TO_F1_DELAY      0.476                 12.121  1       
blink_counter/n280                                           NET DELAY           0.304                 12.425  1       
blink_counter/i12_4_lut/C->blink_counter/i12_4_lut/Z
                                          SLICE_R18C18B      C0_TO_F0_DELAY      0.476                 12.901  1       
blink_counter/n27                                            NET DELAY           0.304                 13.205  1       
blink_counter/i6_4_lut/A->blink_counter/i6_4_lut/Z
                                          SLICE_R18C18B      C1_TO_F1_DELAY      0.449                 13.654  1       
blink_counter/n15                                            NET DELAY           2.168                 15.822  1       
blink_counter/i8_4_lut/A->blink_counter/i8_4_lut/Z
                                          SLICE_R18C18C      D1_TO_F1_DELAY      0.449                 16.271  14      
blink_counter/n114                                           NET DELAY           2.763                 19.034  14      
blink_counter/i1_2_lut/B->blink_counter/i1_2_lut/Z
                                          SLICE_R18C20C      D0_TO_F0_DELAY      0.476                 19.510  1       
blink_counter/n108                                           NET DELAY           0.000                 19.510  1       
blink_counter/blink/D                                        ENDPOINT            0.000                 19.510  1       


Destination Clock Path
Name                                      Cell/Site Name     Delay Name       Incr      Arrival/Required Time  Fanout  
----------------------------------------  -----------------  ---------------  --------  ---------------------  ------  
                                                             CONSTRAINT          0.000                 20.833  1       
hf_osc/CLKHF                              HFOSC_HFOSC_R1C32  CLOCK LATENCY       0.000                 20.833  15      
blink_counter/int_osc                                        NET DELAY           5.499                 26.332  15      
blink_counter/blink/CK                                       CLOCK PIN           0.000                 26.332  1       
                                                             Uncertainty      -(0.000)                 26.332  
                                                             Setup time       -(0.198)                 26.134  
----------------------------------------  -----------------  ---------------  --------  ---------------------  ------  
Required Time                                                                                          26.134  
Arrival Time                                                                                        -(19.509)  
----------------------------------------  -----------------  ---------------  --------  ---------------------  ------  
Path Slack  (Passed)                                                                                    6.624  




++++ Path 3 ++++++++++++++++++++++++++++++++++++++++++++++++++++++++++ 

Path Begin       : blink_counter/count_8__i21/Q  (SLICE_R17C19D)
Path End         : {blink_counter/count_8__i7/SR   blink_counter/count_8__i8/SR}  (SLICE_R17C18A)
Source Clock     : int_osc (R)
Destination Clock: int_osc (R)
Logic Level      : 6
Delay Ratio      : 71.4% (route), 28.6% (logic)
Clock Skew       : 0.000 ns 
Setup Constraint : 20.833 ns 
Path Slack       : 7.391 ns  (Passed)


Source Clock Path
Name                                      Cell/Site Name     Delay Name       Incr      Arrival/Required Time  Fanout  
----------------------------------------  -----------------  ---------------  --------  ---------------------  ------  
hf_osc/CLKHF                              HFOSC_HFOSC_R1C32  CLOCK LATENCY       0.000                  0.000  15      
blink_counter/int_osc                                        NET DELAY           5.499                  5.499  15      
{blink_counter/count_8__i21/CK   blink_counter/count_8__i22/CK}
                                                             CLOCK PIN           0.000                  5.499  1       


Data Path
Name                                      Cell/Site Name     Delay Name       Incr      Arrival/Required Time  Fanout  
----------------------------------------  -----------------  ---------------  --------  ---------------------  ------  
blink_counter/count_8__i21/CK->blink_counter/count_8__i21/Q
                                          SLICE_R17C19D      CLK_TO_Q0_DELAY     1.388                  6.887  2       
blink_counter/count[21]                                      NET DELAY           2.141                  9.028  2       
blink_counter/i7_4_lut/D->blink_counter/i7_4_lut/Z
                                          SLICE_R18C19D      A0_TO_F0_DELAY      0.449                  9.477  1       
blink_counter/n17                                            NET DELAY           2.168                 11.645  1       
blink_counter/i9_4_lut/A->blink_counter/i9_4_lut/Z
                                          SLICE_R18C18A      D1_TO_F1_DELAY      0.476                 12.121  1       
blink_counter/n280                                           NET DELAY           0.304                 12.425  1       
blink_counter/i12_4_lut/C->blink_counter/i12_4_lut/Z
                                          SLICE_R18C18B      C0_TO_F0_DELAY      0.476                 12.901  1       
blink_counter/n27                                            NET DELAY           0.304                 13.205  1       
blink_counter/i6_4_lut/A->blink_counter/i6_4_lut/Z
                                          SLICE_R18C18B      C1_TO_F1_DELAY      0.449                 13.654  1       
blink_counter/n15                                            NET DELAY           2.168                 15.822  1       
blink_counter/i8_4_lut/A->blink_counter/i8_4_lut/Z
                                          SLICE_R18C18C      D1_TO_F1_DELAY      0.449                 16.271  14      
blink_counter/n114                                           NET DELAY           2.141                 18.412  14      
{blink_counter/count_8__i7/SR   blink_counter/count_8__i8/SR}
                                                             ENDPOINT            0.000                 18.412  1       


Destination Clock Path
Name                                      Cell/Site Name     Delay Name       Incr      Arrival/Required Time  Fanout  
----------------------------------------  -----------------  ---------------  --------  ---------------------  ------  
                                                             CONSTRAINT          0.000                 20.833  1       
hf_osc/CLKHF                              HFOSC_HFOSC_R1C32  CLOCK LATENCY       0.000                 20.833  15      
blink_counter/int_osc                                        NET DELAY           5.499                 26.332  15      
{blink_counter/count_8__i7/CK   blink_counter/count_8__i8/CK}
                                                             CLOCK PIN           0.000                 26.332  1       
                                                             Uncertainty      -(0.000)                 26.332  
                                                             Setup time       -(0.529)                 25.803  
----------------------------------------  -----------------  ---------------  --------  ---------------------  ------  
Required Time                                                                                          25.803  
Arrival Time                                                                                        -(18.411)  
----------------------------------------  -----------------  ---------------  --------  ---------------------  ------  
Path Slack  (Passed)                                                                                    7.391  




++++ Path 4 ++++++++++++++++++++++++++++++++++++++++++++++++++++++++++ 

Path Begin       : blink_counter/count_8__i21/Q  (SLICE_R17C19D)
Path End         : {blink_counter/count_8__i9/SR   blink_counter/count_8__i10/SR}  (SLICE_R17C18B)
Source Clock     : int_osc (R)
Destination Clock: int_osc (R)
Logic Level      : 6
Delay Ratio      : 71.4% (route), 28.6% (logic)
Clock Skew       : 0.000 ns 
Setup Constraint : 20.833 ns 
Path Slack       : 7.391 ns  (Passed)


Source Clock Path
Name                                      Cell/Site Name     Delay Name       Incr      Arrival/Required Time  Fanout  
----------------------------------------  -----------------  ---------------  --------  ---------------------  ------  
hf_osc/CLKHF                              HFOSC_HFOSC_R1C32  CLOCK LATENCY       0.000                  0.000  15      
blink_counter/int_osc                                        NET DELAY           5.499                  5.499  15      
{blink_counter/count_8__i21/CK   blink_counter/count_8__i22/CK}
                                                             CLOCK PIN           0.000                  5.499  1       


Data Path
Name                                      Cell/Site Name     Delay Name       Incr      Arrival/Required Time  Fanout  
----------------------------------------  -----------------  ---------------  --------  ---------------------  ------  
blink_counter/count_8__i21/CK->blink_counter/count_8__i21/Q
                                          SLICE_R17C19D      CLK_TO_Q0_DELAY     1.388                  6.887  2       
blink_counter/count[21]                                      NET DELAY           2.141                  9.028  2       
blink_counter/i7_4_lut/D->blink_counter/i7_4_lut/Z
                                          SLICE_R18C19D      A0_TO_F0_DELAY      0.449                  9.477  1       
blink_counter/n17                                            NET DELAY           2.168                 11.645  1       
blink_counter/i9_4_lut/A->blink_counter/i9_4_lut/Z
                                          SLICE_R18C18A      D1_TO_F1_DELAY      0.476                 12.121  1       
blink_counter/n280                                           NET DELAY           0.304                 12.425  1       
blink_counter/i12_4_lut/C->blink_counter/i12_4_lut/Z
                                          SLICE_R18C18B      C0_TO_F0_DELAY      0.476                 12.901  1       
blink_counter/n27                                            NET DELAY           0.304                 13.205  1       
blink_counter/i6_4_lut/A->blink_counter/i6_4_lut/Z
                                          SLICE_R18C18B      C1_TO_F1_DELAY      0.449                 13.654  1       
blink_counter/n15                                            NET DELAY           2.168                 15.822  1       
blink_counter/i8_4_lut/A->blink_counter/i8_4_lut/Z
                                          SLICE_R18C18C      D1_TO_F1_DELAY      0.449                 16.271  14      
blink_counter/n114                                           NET DELAY           2.141                 18.412  14      
{blink_counter/count_8__i9/SR   blink_counter/count_8__i10/SR}
                                                             ENDPOINT            0.000                 18.412  1       


Destination Clock Path
Name                                      Cell/Site Name     Delay Name       Incr      Arrival/Required Time  Fanout  
----------------------------------------  -----------------  ---------------  --------  ---------------------  ------  
                                                             CONSTRAINT          0.000                 20.833  1       
hf_osc/CLKHF                              HFOSC_HFOSC_R1C32  CLOCK LATENCY       0.000                 20.833  15      
blink_counter/int_osc                                        NET DELAY           5.499                 26.332  15      
{blink_counter/count_8__i9/CK   blink_counter/count_8__i10/CK}
                                                             CLOCK PIN           0.000                 26.332  1       
                                                             Uncertainty      -(0.000)                 26.332  
                                                             Setup time       -(0.529)                 25.803  
----------------------------------------  -----------------  ---------------  --------  ---------------------  ------  
Required Time                                                                                          25.803  
Arrival Time                                                                                        -(18.411)  
----------------------------------------  -----------------  ---------------  --------  ---------------------  ------  
Path Slack  (Passed)                                                                                    7.391  




++++ Path 5 ++++++++++++++++++++++++++++++++++++++++++++++++++++++++++ 

Path Begin       : blink_counter/count_8__i21/Q  (SLICE_R17C19D)
Path End         : {blink_counter/count_8__i15/SR   blink_counter/count_8__i16/SR}  (SLICE_R17C19A)
Source Clock     : int_osc (R)
Destination Clock: int_osc (R)
Logic Level      : 6
Delay Ratio      : 71.4% (route), 28.6% (logic)
Clock Skew       : 0.000 ns 
Setup Constraint : 20.833 ns 
Path Slack       : 7.391 ns  (Passed)


Source Clock Path
Name                                      Cell/Site Name     Delay Name       Incr      Arrival/Required Time  Fanout  
----------------------------------------  -----------------  ---------------  --------  ---------------------  ------  
hf_osc/CLKHF                              HFOSC_HFOSC_R1C32  CLOCK LATENCY       0.000                  0.000  15      
blink_counter/int_osc                                        NET DELAY           5.499                  5.499  15      
{blink_counter/count_8__i21/CK   blink_counter/count_8__i22/CK}
                                                             CLOCK PIN           0.000                  5.499  1       


Data Path
Name                                      Cell/Site Name     Delay Name       Incr      Arrival/Required Time  Fanout  
----------------------------------------  -----------------  ---------------  --------  ---------------------  ------  
blink_counter/count_8__i21/CK->blink_counter/count_8__i21/Q
                                          SLICE_R17C19D      CLK_TO_Q0_DELAY     1.388                  6.887  2       
blink_counter/count[21]                                      NET DELAY           2.141                  9.028  2       
blink_counter/i7_4_lut/D->blink_counter/i7_4_lut/Z
                                          SLICE_R18C19D      A0_TO_F0_DELAY      0.449                  9.477  1       
blink_counter/n17                                            NET DELAY           2.168                 11.645  1       
blink_counter/i9_4_lut/A->blink_counter/i9_4_lut/Z
                                          SLICE_R18C18A      D1_TO_F1_DELAY      0.476                 12.121  1       
blink_counter/n280                                           NET DELAY           0.304                 12.425  1       
blink_counter/i12_4_lut/C->blink_counter/i12_4_lut/Z
                                          SLICE_R18C18B      C0_TO_F0_DELAY      0.476                 12.901  1       
blink_counter/n27                                            NET DELAY           0.304                 13.205  1       
blink_counter/i6_4_lut/A->blink_counter/i6_4_lut/Z
                                          SLICE_R18C18B      C1_TO_F1_DELAY      0.449                 13.654  1       
blink_counter/n15                                            NET DELAY           2.168                 15.822  1       
blink_counter/i8_4_lut/A->blink_counter/i8_4_lut/Z
                                          SLICE_R18C18C      D1_TO_F1_DELAY      0.449                 16.271  14      
blink_counter/n114                                           NET DELAY           2.141                 18.412  14      
{blink_counter/count_8__i15/SR   blink_counter/count_8__i16/SR}
                                                             ENDPOINT            0.000                 18.412  1       


Destination Clock Path
Name                                      Cell/Site Name     Delay Name       Incr      Arrival/Required Time  Fanout  
----------------------------------------  -----------------  ---------------  --------  ---------------------  ------  
                                                             CONSTRAINT          0.000                 20.833  1       
hf_osc/CLKHF                              HFOSC_HFOSC_R1C32  CLOCK LATENCY       0.000                 20.833  15      
blink_counter/int_osc                                        NET DELAY           5.499                 26.332  15      
{blink_counter/count_8__i15/CK   blink_counter/count_8__i16/CK}
                                                             CLOCK PIN           0.000                 26.332  1       
                                                             Uncertainty      -(0.000)                 26.332  
                                                             Setup time       -(0.529)                 25.803  
----------------------------------------  -----------------  ---------------  --------  ---------------------  ------  
Required Time                                                                                          25.803  
Arrival Time                                                                                        -(18.411)  
----------------------------------------  -----------------  ---------------  --------  ---------------------  ------  
Path Slack  (Passed)                                                                                    7.391  




++++ Path 6 ++++++++++++++++++++++++++++++++++++++++++++++++++++++++++ 

Path Begin       : blink_counter/count_8__i21/Q  (SLICE_R17C19D)
Path End         : {blink_counter/count_8__i17/SR   blink_counter/count_8__i18/SR}  (SLICE_R17C19B)
Source Clock     : int_osc (R)
Destination Clock: int_osc (R)
Logic Level      : 6
Delay Ratio      : 71.4% (route), 28.6% (logic)
Clock Skew       : 0.000 ns 
Setup Constraint : 20.833 ns 
Path Slack       : 7.391 ns  (Passed)


Source Clock Path
Name                                      Cell/Site Name     Delay Name       Incr      Arrival/Required Time  Fanout  
----------------------------------------  -----------------  ---------------  --------  ---------------------  ------  
hf_osc/CLKHF                              HFOSC_HFOSC_R1C32  CLOCK LATENCY       0.000                  0.000  15      
blink_counter/int_osc                                        NET DELAY           5.499                  5.499  15      
{blink_counter/count_8__i21/CK   blink_counter/count_8__i22/CK}
                                                             CLOCK PIN           0.000                  5.499  1       


Data Path
Name                                      Cell/Site Name     Delay Name       Incr      Arrival/Required Time  Fanout  
----------------------------------------  -----------------  ---------------  --------  ---------------------  ------  
blink_counter/count_8__i21/CK->blink_counter/count_8__i21/Q
                                          SLICE_R17C19D      CLK_TO_Q0_DELAY     1.388                  6.887  2       
blink_counter/count[21]                                      NET DELAY           2.141                  9.028  2       
blink_counter/i7_4_lut/D->blink_counter/i7_4_lut/Z
                                          SLICE_R18C19D      A0_TO_F0_DELAY      0.449                  9.477  1       
blink_counter/n17                                            NET DELAY           2.168                 11.645  1       
blink_counter/i9_4_lut/A->blink_counter/i9_4_lut/Z
                                          SLICE_R18C18A      D1_TO_F1_DELAY      0.476                 12.121  1       
blink_counter/n280                                           NET DELAY           0.304                 12.425  1       
blink_counter/i12_4_lut/C->blink_counter/i12_4_lut/Z
                                          SLICE_R18C18B      C0_TO_F0_DELAY      0.476                 12.901  1       
blink_counter/n27                                            NET DELAY           0.304                 13.205  1       
blink_counter/i6_4_lut/A->blink_counter/i6_4_lut/Z
                                          SLICE_R18C18B      C1_TO_F1_DELAY      0.449                 13.654  1       
blink_counter/n15                                            NET DELAY           2.168                 15.822  1       
blink_counter/i8_4_lut/A->blink_counter/i8_4_lut/Z
                                          SLICE_R18C18C      D1_TO_F1_DELAY      0.449                 16.271  14      
blink_counter/n114                                           NET DELAY           2.141                 18.412  14      
{blink_counter/count_8__i17/SR   blink_counter/count_8__i18/SR}
                                                             ENDPOINT            0.000                 18.412  1       


Destination Clock Path
Name                                      Cell/Site Name     Delay Name       Incr      Arrival/Required Time  Fanout  
----------------------------------------  -----------------  ---------------  --------  ---------------------  ------  
                                                             CONSTRAINT          0.000                 20.833  1       
hf_osc/CLKHF                              HFOSC_HFOSC_R1C32  CLOCK LATENCY       0.000                 20.833  15      
blink_counter/int_osc                                        NET DELAY           5.499                 26.332  15      
{blink_counter/count_8__i17/CK   blink_counter/count_8__i18/CK}
                                                             CLOCK PIN           0.000                 26.332  1       
                                                             Uncertainty      -(0.000)                 26.332  
                                                             Setup time       -(0.529)                 25.803  
----------------------------------------  -----------------  ---------------  --------  ---------------------  ------  
Required Time                                                                                          25.803  
Arrival Time                                                                                        -(18.411)  
----------------------------------------  -----------------  ---------------  --------  ---------------------  ------  
Path Slack  (Passed)                                                                                    7.391  




++++ Path 7 ++++++++++++++++++++++++++++++++++++++++++++++++++++++++++ 

Path Begin       : blink_counter/count_8__i21/Q  (SLICE_R17C19D)
Path End         : {blink_counter/count_8__i19/SR   blink_counter/count_8__i20/SR}  (SLICE_R17C19C)
Source Clock     : int_osc (R)
Destination Clock: int_osc (R)
Logic Level      : 6
Delay Ratio      : 71.4% (route), 28.6% (logic)
Clock Skew       : 0.000 ns 
Setup Constraint : 20.833 ns 
Path Slack       : 7.391 ns  (Passed)


Source Clock Path
Name                                      Cell/Site Name     Delay Name       Incr      Arrival/Required Time  Fanout  
----------------------------------------  -----------------  ---------------  --------  ---------------------  ------  
hf_osc/CLKHF                              HFOSC_HFOSC_R1C32  CLOCK LATENCY       0.000                  0.000  15      
blink_counter/int_osc                                        NET DELAY           5.499                  5.499  15      
{blink_counter/count_8__i21/CK   blink_counter/count_8__i22/CK}
                                                             CLOCK PIN           0.000                  5.499  1       


Data Path
Name                                      Cell/Site Name     Delay Name       Incr      Arrival/Required Time  Fanout  
----------------------------------------  -----------------  ---------------  --------  ---------------------  ------  
blink_counter/count_8__i21/CK->blink_counter/count_8__i21/Q
                                          SLICE_R17C19D      CLK_TO_Q0_DELAY     1.388                  6.887  2       
blink_counter/count[21]                                      NET DELAY           2.141                  9.028  2       
blink_counter/i7_4_lut/D->blink_counter/i7_4_lut/Z
                                          SLICE_R18C19D      A0_TO_F0_DELAY      0.449                  9.477  1       
blink_counter/n17                                            NET DELAY           2.168                 11.645  1       
blink_counter/i9_4_lut/A->blink_counter/i9_4_lut/Z
                                          SLICE_R18C18A      D1_TO_F1_DELAY      0.476                 12.121  1       
blink_counter/n280                                           NET DELAY           0.304                 12.425  1       
blink_counter/i12_4_lut/C->blink_counter/i12_4_lut/Z
                                          SLICE_R18C18B      C0_TO_F0_DELAY      0.476                 12.901  1       
blink_counter/n27                                            NET DELAY           0.304                 13.205  1       
blink_counter/i6_4_lut/A->blink_counter/i6_4_lut/Z
                                          SLICE_R18C18B      C1_TO_F1_DELAY      0.449                 13.654  1       
blink_counter/n15                                            NET DELAY           2.168                 15.822  1       
blink_counter/i8_4_lut/A->blink_counter/i8_4_lut/Z
                                          SLICE_R18C18C      D1_TO_F1_DELAY      0.449                 16.271  14      
blink_counter/n114                                           NET DELAY           2.141                 18.412  14      
{blink_counter/count_8__i19/SR   blink_counter/count_8__i20/SR}
                                                             ENDPOINT            0.000                 18.412  1       


Destination Clock Path
Name                                      Cell/Site Name     Delay Name       Incr      Arrival/Required Time  Fanout  
----------------------------------------  -----------------  ---------------  --------  ---------------------  ------  
                                                             CONSTRAINT          0.000                 20.833  1       
hf_osc/CLKHF                              HFOSC_HFOSC_R1C32  CLOCK LATENCY       0.000                 20.833  15      
blink_counter/int_osc                                        NET DELAY           5.499                 26.332  15      
{blink_counter/count_8__i19/CK   blink_counter/count_8__i20/CK}
                                                             CLOCK PIN           0.000                 26.332  1       
                                                             Uncertainty      -(0.000)                 26.332  
                                                             Setup time       -(0.529)                 25.803  
----------------------------------------  -----------------  ---------------  --------  ---------------------  ------  
Required Time                                                                                          25.803  
Arrival Time                                                                                        -(18.411)  
----------------------------------------  -----------------  ---------------  --------  ---------------------  ------  
Path Slack  (Passed)                                                                                    7.391  




++++ Path 8 ++++++++++++++++++++++++++++++++++++++++++++++++++++++++++ 

Path Begin       : blink_counter/count_8__i21/Q  (SLICE_R17C19D)
Path End         : {blink_counter/count_8__i21/SR   blink_counter/count_8__i22/SR}  (SLICE_R17C19D)
Source Clock     : int_osc (R)
Destination Clock: int_osc (R)
Logic Level      : 6
Delay Ratio      : 71.4% (route), 28.6% (logic)
Clock Skew       : 0.000 ns 
Setup Constraint : 20.833 ns 
Path Slack       : 7.391 ns  (Passed)


Source Clock Path
Name                                      Cell/Site Name     Delay Name       Incr      Arrival/Required Time  Fanout  
----------------------------------------  -----------------  ---------------  --------  ---------------------  ------  
hf_osc/CLKHF                              HFOSC_HFOSC_R1C32  CLOCK LATENCY       0.000                  0.000  15      
blink_counter/int_osc                                        NET DELAY           5.499                  5.499  15      
{blink_counter/count_8__i21/CK   blink_counter/count_8__i22/CK}
                                                             CLOCK PIN           0.000                  5.499  1       


Data Path
Name                                      Cell/Site Name     Delay Name       Incr      Arrival/Required Time  Fanout  
----------------------------------------  -----------------  ---------------  --------  ---------------------  ------  
blink_counter/count_8__i21/CK->blink_counter/count_8__i21/Q
                                          SLICE_R17C19D      CLK_TO_Q0_DELAY     1.388                  6.887  2       
blink_counter/count[21]                                      NET DELAY           2.141                  9.028  2       
blink_counter/i7_4_lut/D->blink_counter/i7_4_lut/Z
                                          SLICE_R18C19D      A0_TO_F0_DELAY      0.449                  9.477  1       
blink_counter/n17                                            NET DELAY           2.168                 11.645  1       
blink_counter/i9_4_lut/A->blink_counter/i9_4_lut/Z
                                          SLICE_R18C18A      D1_TO_F1_DELAY      0.476                 12.121  1       
blink_counter/n280                                           NET DELAY           0.304                 12.425  1       
blink_counter/i12_4_lut/C->blink_counter/i12_4_lut/Z
                                          SLICE_R18C18B      C0_TO_F0_DELAY      0.476                 12.901  1       
blink_counter/n27                                            NET DELAY           0.304                 13.205  1       
blink_counter/i6_4_lut/A->blink_counter/i6_4_lut/Z
                                          SLICE_R18C18B      C1_TO_F1_DELAY      0.449                 13.654  1       
blink_counter/n15                                            NET DELAY           2.168                 15.822  1       
blink_counter/i8_4_lut/A->blink_counter/i8_4_lut/Z
                                          SLICE_R18C18C      D1_TO_F1_DELAY      0.449                 16.271  14      
blink_counter/n114                                           NET DELAY           2.141                 18.412  14      
{blink_counter/count_8__i21/SR   blink_counter/count_8__i22/SR}
                                                             ENDPOINT            0.000                 18.412  1       


Destination Clock Path
Name                                      Cell/Site Name     Delay Name       Incr      Arrival/Required Time  Fanout  
----------------------------------------  -----------------  ---------------  --------  ---------------------  ------  
                                                             CONSTRAINT          0.000                 20.833  1       
hf_osc/CLKHF                              HFOSC_HFOSC_R1C32  CLOCK LATENCY       0.000                 20.833  15      
blink_counter/int_osc                                        NET DELAY           5.499                 26.332  15      
{blink_counter/count_8__i21/CK   blink_counter/count_8__i22/CK}
                                                             CLOCK PIN           0.000                 26.332  1       
                                                             Uncertainty      -(0.000)                 26.332  
                                                             Setup time       -(0.529)                 25.803  
----------------------------------------  -----------------  ---------------  --------  ---------------------  ------  
Required Time                                                                                          25.803  
Arrival Time                                                                                        -(18.411)  
----------------------------------------  -----------------  ---------------  --------  ---------------------  ------  
Path Slack  (Passed)                                                                                    7.391  




++++ Path 9 ++++++++++++++++++++++++++++++++++++++++++++++++++++++++++ 

Path Begin       : blink_counter/count_8__i21/Q  (SLICE_R17C19D)
Path End         : {blink_counter/count_8__i11/SR   blink_counter/count_8__i12/SR}  (SLICE_R17C18C)
Source Clock     : int_osc (R)
Destination Clock: int_osc (R)
Logic Level      : 6
Delay Ratio      : 71.4% (route), 28.6% (logic)
Clock Skew       : 0.000 ns 
Setup Constraint : 20.833 ns 
Path Slack       : 7.391 ns  (Passed)


Source Clock Path
Name                                      Cell/Site Name     Delay Name       Incr      Arrival/Required Time  Fanout  
----------------------------------------  -----------------  ---------------  --------  ---------------------  ------  
hf_osc/CLKHF                              HFOSC_HFOSC_R1C32  CLOCK LATENCY       0.000                  0.000  15      
blink_counter/int_osc                                        NET DELAY           5.499                  5.499  15      
{blink_counter/count_8__i21/CK   blink_counter/count_8__i22/CK}
                                                             CLOCK PIN           0.000                  5.499  1       


Data Path
Name                                      Cell/Site Name     Delay Name       Incr      Arrival/Required Time  Fanout  
----------------------------------------  -----------------  ---------------  --------  ---------------------  ------  
blink_counter/count_8__i21/CK->blink_counter/count_8__i21/Q
                                          SLICE_R17C19D      CLK_TO_Q0_DELAY     1.388                  6.887  2       
blink_counter/count[21]                                      NET DELAY           2.141                  9.028  2       
blink_counter/i7_4_lut/D->blink_counter/i7_4_lut/Z
                                          SLICE_R18C19D      A0_TO_F0_DELAY      0.449                  9.477  1       
blink_counter/n17                                            NET DELAY           2.168                 11.645  1       
blink_counter/i9_4_lut/A->blink_counter/i9_4_lut/Z
                                          SLICE_R18C18A      D1_TO_F1_DELAY      0.476                 12.121  1       
blink_counter/n280                                           NET DELAY           0.304                 12.425  1       
blink_counter/i12_4_lut/C->blink_counter/i12_4_lut/Z
                                          SLICE_R18C18B      C0_TO_F0_DELAY      0.476                 12.901  1       
blink_counter/n27                                            NET DELAY           0.304                 13.205  1       
blink_counter/i6_4_lut/A->blink_counter/i6_4_lut/Z
                                          SLICE_R18C18B      C1_TO_F1_DELAY      0.449                 13.654  1       
blink_counter/n15                                            NET DELAY           2.168                 15.822  1       
blink_counter/i8_4_lut/A->blink_counter/i8_4_lut/Z
                                          SLICE_R18C18C      D1_TO_F1_DELAY      0.449                 16.271  14      
blink_counter/n114                                           NET DELAY           2.141                 18.412  14      
{blink_counter/count_8__i11/SR   blink_counter/count_8__i12/SR}
                                                             ENDPOINT            0.000                 18.412  1       


Destination Clock Path
Name                                      Cell/Site Name     Delay Name       Incr      Arrival/Required Time  Fanout  
----------------------------------------  -----------------  ---------------  --------  ---------------------  ------  
                                                             CONSTRAINT          0.000                 20.833  1       
hf_osc/CLKHF                              HFOSC_HFOSC_R1C32  CLOCK LATENCY       0.000                 20.833  15      
blink_counter/int_osc                                        NET DELAY           5.499                 26.332  15      
{blink_counter/count_8__i11/CK   blink_counter/count_8__i12/CK}
                                                             CLOCK PIN           0.000                 26.332  1       
                                                             Uncertainty      -(0.000)                 26.332  
                                                             Setup time       -(0.529)                 25.803  
----------------------------------------  -----------------  ---------------  --------  ---------------------  ------  
Required Time                                                                                          25.803  
Arrival Time                                                                                        -(18.411)  
----------------------------------------  -----------------  ---------------  --------  ---------------------  ------  
Path Slack  (Passed)                                                                                    7.391  




++++ Path 10 ++++++++++++++++++++++++++++++++++++++++++++++++++++++++++ 

Path Begin       : blink_counter/count_8__i21/Q  (SLICE_R17C19D)
Path End         : {blink_counter/count_8__i13/SR   blink_counter/count_8__i14/SR}  (SLICE_R17C18D)
Source Clock     : int_osc (R)
Destination Clock: int_osc (R)
Logic Level      : 6
Delay Ratio      : 71.4% (route), 28.6% (logic)
Clock Skew       : 0.000 ns 
Setup Constraint : 20.833 ns 
Path Slack       : 7.391 ns  (Passed)


Source Clock Path
Name                                      Cell/Site Name     Delay Name       Incr      Arrival/Required Time  Fanout  
----------------------------------------  -----------------  ---------------  --------  ---------------------  ------  
hf_osc/CLKHF                              HFOSC_HFOSC_R1C32  CLOCK LATENCY       0.000                  0.000  15      
blink_counter/int_osc                                        NET DELAY           5.499                  5.499  15      
{blink_counter/count_8__i21/CK   blink_counter/count_8__i22/CK}
                                                             CLOCK PIN           0.000                  5.499  1       


Data Path
Name                                      Cell/Site Name     Delay Name       Incr      Arrival/Required Time  Fanout  
----------------------------------------  -----------------  ---------------  --------  ---------------------  ------  
blink_counter/count_8__i21/CK->blink_counter/count_8__i21/Q
                                          SLICE_R17C19D      CLK_TO_Q0_DELAY     1.388                  6.887  2       
blink_counter/count[21]                                      NET DELAY           2.141                  9.028  2       
blink_counter/i7_4_lut/D->blink_counter/i7_4_lut/Z
                                          SLICE_R18C19D      A0_TO_F0_DELAY      0.449                  9.477  1       
blink_counter/n17                                            NET DELAY           2.168                 11.645  1       
blink_counter/i9_4_lut/A->blink_counter/i9_4_lut/Z
                                          SLICE_R18C18A      D1_TO_F1_DELAY      0.476                 12.121  1       
blink_counter/n280                                           NET DELAY           0.304                 12.425  1       
blink_counter/i12_4_lut/C->blink_counter/i12_4_lut/Z
                                          SLICE_R18C18B      C0_TO_F0_DELAY      0.476                 12.901  1       
blink_counter/n27                                            NET DELAY           0.304                 13.205  1       
blink_counter/i6_4_lut/A->blink_counter/i6_4_lut/Z
                                          SLICE_R18C18B      C1_TO_F1_DELAY      0.449                 13.654  1       
blink_counter/n15                                            NET DELAY           2.168                 15.822  1       
blink_counter/i8_4_lut/A->blink_counter/i8_4_lut/Z
                                          SLICE_R18C18C      D1_TO_F1_DELAY      0.449                 16.271  14      
blink_counter/n114                                           NET DELAY           2.141                 18.412  14      
{blink_counter/count_8__i13/SR   blink_counter/count_8__i14/SR}
                                                             ENDPOINT            0.000                 18.412  1       


Destination Clock Path
Name                                      Cell/Site Name     Delay Name       Incr      Arrival/Required Time  Fanout  
----------------------------------------  -----------------  ---------------  --------  ---------------------  ------  
                                                             CONSTRAINT          0.000                 20.833  1       
hf_osc/CLKHF                              HFOSC_HFOSC_R1C32  CLOCK LATENCY       0.000                 20.833  15      
blink_counter/int_osc                                        NET DELAY           5.499                 26.332  15      
{blink_counter/count_8__i13/CK   blink_counter/count_8__i14/CK}
                                                             CLOCK PIN           0.000                 26.332  1       
                                                             Uncertainty      -(0.000)                 26.332  
                                                             Setup time       -(0.529)                 25.803  
----------------------------------------  -----------------  ---------------  --------  ---------------------  ------  
Required Time                                                                                          25.803  
Arrival Time                                                                                        -(18.411)  
----------------------------------------  -----------------  ---------------  --------  ---------------------  ------  
Path Slack  (Passed)                                                                                    7.391  



+++++++++++++++++++++++++++++++++++++++++++++++++++++++++++++++++++++ 
                    End of Detailed Report for timing paths 
+++++++++++++++++++++++++++++++++++++++++++++++++++++++++++++++++++++ 


##########################################################



===============================================================
3  Hold at Speed Grade m Corner at -40 Degrees
===============================================================

3.1  Endpoint slacks
=======================
-------------------------------------------------------
          Listing 10 End Points          |    Slack    
-------------------------------------------------------
blink_counter/count_8__i18/D             |    1.913 ns 
blink_counter/count_8__i19/D             |    1.913 ns 
blink_counter/count_8__i20/D             |    1.913 ns 
blink_counter/count_8__i21/D             |    1.913 ns 
blink_counter/count_8__i22/D             |    1.913 ns 
blink_counter/count_8__i23/D             |    1.913 ns 
blink_counter/count_8__i11/D             |    1.913 ns 
blink_counter/count_8__i12/D             |    1.913 ns 
blink_counter/count_8__i13/D             |    1.913 ns 
blink_counter/count_8__i14/D             |    1.913 ns 
-------------------------------------------------------
                                         |             
Hold # of endpoints with negative slack: |           0 
                                         |             
-------------------------------------------------------

3.2  Detailed Report
=======================


XXXXXXXXXXXXXXXXXXXXXXXXXXXXXXXXXXXXXXXXXXXXXXXXXXXXXXXXXX

Detail report of critical paths

XXXXXXXXXXXXXXXXXXXXXXXXXXXXXXXXXXXXXXXXXXXXXXXXXXXXXXXXXX

+++++++++++++++++++++++++++++++++++++++++++++++++++++++++++++++++++++ 
                    Detailed Report for timing paths 
+++++++++++++++++++++++++++++++++++++++++++++++++++++++++++++++++++++ 

++++ Path 1 ++++++++++++++++++++++++++++++++++++++++++++++++++++++++++ 

Path Begin       : blink_counter/count_8__i18/Q  (SLICE_R17C19B)
Path End         : blink_counter/count_8__i18/D  (SLICE_R17C19B)
Source Clock     : int_osc (R)
Destination Clock: int_osc (R)
Logic Level      : 2
Delay Ratio      : 46.1% (route), 53.9% (logic)
Clock Skew       : 0.000 ns 
Hold Constraint  : 0.000 ns 
Path Slack       : 1.913 ns  (Passed)


Source Clock Path
Name                                      Cell/Site Name     Delay Name       Incr   Arrival/Required Time  Fanout  
----------------------------------------  -----------------  ---------------  -----  ---------------------  ------  
hf_osc/CLKHF                              HFOSC_HFOSC_R1C32  CLOCK LATENCY    0.000                  0.000  16      
blink_counter/int_osc                                        NET DELAY        3.084                  3.084  16      
{blink_counter/count_8__i17/CK   blink_counter/count_8__i18/CK}
                                                             CLOCK PIN        0.000                  3.084  1       


Data Path
Name                                      Cell/Site Name     Delay Name       Incr   Arrival/Required Time  Fanout  
----------------------------------------  -----------------  ---------------  -----  ---------------------  ------  
blink_counter/count_8__i18/CK->blink_counter/count_8__i18/Q
                                          SLICE_R17C19B      CLK_TO_Q1_DELAY  0.779                  3.863  2       
blink_counter/count[18]                                      NET DELAY        0.882                  4.745  2       
blink_counter/count_8_add_4_19/C1->blink_counter/count_8_add_4_19/S1
                                          SLICE_R17C19B      C1_TO_F1_DELAY   0.252                  4.997  1       
blink_counter/n101[18]                                       NET DELAY        0.000                  4.997  1       
blink_counter/count_8__i18/D                                 ENDPOINT         0.000                  4.997  1       


Destination Clock Path
Name                                      Cell/Site Name     Delay Name       Incr   Arrival/Required Time  Fanout  
----------------------------------------  -----------------  ---------------  -----  ---------------------  ------  
                                                             CONSTRAINT       0.000                  0.000  1       
hf_osc/CLKHF                              HFOSC_HFOSC_R1C32  CLOCK LATENCY    0.000                  0.000  16      
blink_counter/int_osc                                        NET DELAY        3.084                  3.084  16      
{blink_counter/count_8__i17/CK   blink_counter/count_8__i18/CK}
                                                             CLOCK PIN        0.000                  3.084  1       
                                                             Uncertainty      0.000                  3.084  
                                                             Hold time        0.000                  3.084  
----------------------------------------  -----------------  ---------------  -----  ---------------------  ------  
Required Time                                                                                       -3.084  
Arrival Time                                                                                         4.997  
----------------------------------------  -----------------  ---------------  -----  ---------------------  ------  
Path Slack  (Passed)                                                                                 1.913  




++++ Path 2 ++++++++++++++++++++++++++++++++++++++++++++++++++++++++++ 

Path Begin       : blink_counter/count_8__i19/Q  (SLICE_R17C19C)
Path End         : blink_counter/count_8__i19/D  (SLICE_R17C19C)
Source Clock     : int_osc (R)
Destination Clock: int_osc (R)
Logic Level      : 2
Delay Ratio      : 46.1% (route), 53.9% (logic)
Clock Skew       : 0.000 ns 
Hold Constraint  : 0.000 ns 
Path Slack       : 1.913 ns  (Passed)


Source Clock Path
Name                                      Cell/Site Name     Delay Name       Incr   Arrival/Required Time  Fanout  
----------------------------------------  -----------------  ---------------  -----  ---------------------  ------  
hf_osc/CLKHF                              HFOSC_HFOSC_R1C32  CLOCK LATENCY    0.000                  0.000  16      
blink_counter/int_osc                                        NET DELAY        3.084                  3.084  16      
{blink_counter/count_8__i19/CK   blink_counter/count_8__i20/CK}
                                                             CLOCK PIN        0.000                  3.084  1       


Data Path
Name                                      Cell/Site Name     Delay Name       Incr   Arrival/Required Time  Fanout  
----------------------------------------  -----------------  ---------------  -----  ---------------------  ------  
blink_counter/count_8__i19/CK->blink_counter/count_8__i19/Q
                                          SLICE_R17C19C      CLK_TO_Q0_DELAY  0.779                  3.863  2       
blink_counter/count[19]                                      NET DELAY        0.882                  4.745  2       
blink_counter/count_8_add_4_21/C0->blink_counter/count_8_add_4_21/S0
                                          SLICE_R17C19C      C0_TO_F0_DELAY   0.252                  4.997  1       
blink_counter/n101[19]                                       NET DELAY        0.000                  4.997  1       
blink_counter/count_8__i19/D                                 ENDPOINT         0.000                  4.997  1       


Destination Clock Path
Name                                      Cell/Site Name     Delay Name       Incr   Arrival/Required Time  Fanout  
----------------------------------------  -----------------  ---------------  -----  ---------------------  ------  
                                                             CONSTRAINT       0.000                  0.000  1       
hf_osc/CLKHF                              HFOSC_HFOSC_R1C32  CLOCK LATENCY    0.000                  0.000  16      
blink_counter/int_osc                                        NET DELAY        3.084                  3.084  16      
{blink_counter/count_8__i19/CK   blink_counter/count_8__i20/CK}
                                                             CLOCK PIN        0.000                  3.084  1       
                                                             Uncertainty      0.000                  3.084  
                                                             Hold time        0.000                  3.084  
----------------------------------------  -----------------  ---------------  -----  ---------------------  ------  
Required Time                                                                                       -3.084  
Arrival Time                                                                                         4.997  
----------------------------------------  -----------------  ---------------  -----  ---------------------  ------  
Path Slack  (Passed)                                                                                 1.913  




++++ Path 3 ++++++++++++++++++++++++++++++++++++++++++++++++++++++++++ 

Path Begin       : blink_counter/count_8__i20/Q  (SLICE_R17C19C)
Path End         : blink_counter/count_8__i20/D  (SLICE_R17C19C)
Source Clock     : int_osc (R)
Destination Clock: int_osc (R)
Logic Level      : 2
Delay Ratio      : 46.1% (route), 53.9% (logic)
Clock Skew       : 0.000 ns 
Hold Constraint  : 0.000 ns 
Path Slack       : 1.913 ns  (Passed)


Source Clock Path
Name                                      Cell/Site Name     Delay Name       Incr   Arrival/Required Time  Fanout  
----------------------------------------  -----------------  ---------------  -----  ---------------------  ------  
hf_osc/CLKHF                              HFOSC_HFOSC_R1C32  CLOCK LATENCY    0.000                  0.000  16      
blink_counter/int_osc                                        NET DELAY        3.084                  3.084  16      
{blink_counter/count_8__i19/CK   blink_counter/count_8__i20/CK}
                                                             CLOCK PIN        0.000                  3.084  1       


Data Path
Name                                      Cell/Site Name     Delay Name       Incr   Arrival/Required Time  Fanout  
----------------------------------------  -----------------  ---------------  -----  ---------------------  ------  
blink_counter/count_8__i20/CK->blink_counter/count_8__i20/Q
                                          SLICE_R17C19C      CLK_TO_Q1_DELAY  0.779                  3.863  2       
blink_counter/count[20]                                      NET DELAY        0.882                  4.745  2       
blink_counter/count_8_add_4_21/C1->blink_counter/count_8_add_4_21/S1
                                          SLICE_R17C19C      C1_TO_F1_DELAY   0.252                  4.997  1       
blink_counter/n101[20]                                       NET DELAY        0.000                  4.997  1       
blink_counter/count_8__i20/D                                 ENDPOINT         0.000                  4.997  1       


Destination Clock Path
Name                                      Cell/Site Name     Delay Name       Incr   Arrival/Required Time  Fanout  
----------------------------------------  -----------------  ---------------  -----  ---------------------  ------  
                                                             CONSTRAINT       0.000                  0.000  1       
hf_osc/CLKHF                              HFOSC_HFOSC_R1C32  CLOCK LATENCY    0.000                  0.000  16      
blink_counter/int_osc                                        NET DELAY        3.084                  3.084  16      
{blink_counter/count_8__i19/CK   blink_counter/count_8__i20/CK}
                                                             CLOCK PIN        0.000                  3.084  1       
                                                             Uncertainty      0.000                  3.084  
                                                             Hold time        0.000                  3.084  
----------------------------------------  -----------------  ---------------  -----  ---------------------  ------  
Required Time                                                                                       -3.084  
Arrival Time                                                                                         4.997  
----------------------------------------  -----------------  ---------------  -----  ---------------------  ------  
Path Slack  (Passed)                                                                                 1.913  




++++ Path 4 ++++++++++++++++++++++++++++++++++++++++++++++++++++++++++ 

Path Begin       : blink_counter/count_8__i21/Q  (SLICE_R17C19D)
Path End         : blink_counter/count_8__i21/D  (SLICE_R17C19D)
Source Clock     : int_osc (R)
Destination Clock: int_osc (R)
Logic Level      : 2
Delay Ratio      : 46.1% (route), 53.9% (logic)
Clock Skew       : 0.000 ns 
Hold Constraint  : 0.000 ns 
Path Slack       : 1.913 ns  (Passed)


Source Clock Path
Name                                      Cell/Site Name     Delay Name       Incr   Arrival/Required Time  Fanout  
----------------------------------------  -----------------  ---------------  -----  ---------------------  ------  
hf_osc/CLKHF                              HFOSC_HFOSC_R1C32  CLOCK LATENCY    0.000                  0.000  16      
blink_counter/int_osc                                        NET DELAY        3.084                  3.084  16      
{blink_counter/count_8__i21/CK   blink_counter/count_8__i22/CK}
                                                             CLOCK PIN        0.000                  3.084  1       


Data Path
Name                                      Cell/Site Name     Delay Name       Incr   Arrival/Required Time  Fanout  
----------------------------------------  -----------------  ---------------  -----  ---------------------  ------  
blink_counter/count_8__i21/CK->blink_counter/count_8__i21/Q
                                          SLICE_R17C19D      CLK_TO_Q0_DELAY  0.779                  3.863  2       
blink_counter/count[21]                                      NET DELAY        0.882                  4.745  2       
blink_counter/count_8_add_4_23/C0->blink_counter/count_8_add_4_23/S0
                                          SLICE_R17C19D      C0_TO_F0_DELAY   0.252                  4.997  1       
blink_counter/n101[21]                                       NET DELAY        0.000                  4.997  1       
blink_counter/count_8__i21/D                                 ENDPOINT         0.000                  4.997  1       


Destination Clock Path
Name                                      Cell/Site Name     Delay Name       Incr   Arrival/Required Time  Fanout  
----------------------------------------  -----------------  ---------------  -----  ---------------------  ------  
                                                             CONSTRAINT       0.000                  0.000  1       
hf_osc/CLKHF                              HFOSC_HFOSC_R1C32  CLOCK LATENCY    0.000                  0.000  16      
blink_counter/int_osc                                        NET DELAY        3.084                  3.084  16      
{blink_counter/count_8__i21/CK   blink_counter/count_8__i22/CK}
                                                             CLOCK PIN        0.000                  3.084  1       
                                                             Uncertainty      0.000                  3.084  
                                                             Hold time        0.000                  3.084  
----------------------------------------  -----------------  ---------------  -----  ---------------------  ------  
Required Time                                                                                       -3.084  
Arrival Time                                                                                         4.997  
----------------------------------------  -----------------  ---------------  -----  ---------------------  ------  
Path Slack  (Passed)                                                                                 1.913  




++++ Path 5 ++++++++++++++++++++++++++++++++++++++++++++++++++++++++++ 

Path Begin       : blink_counter/count_8__i22/Q  (SLICE_R17C19D)
Path End         : blink_counter/count_8__i22/D  (SLICE_R17C19D)
Source Clock     : int_osc (R)
Destination Clock: int_osc (R)
Logic Level      : 2
Delay Ratio      : 46.1% (route), 53.9% (logic)
Clock Skew       : 0.000 ns 
Hold Constraint  : 0.000 ns 
Path Slack       : 1.913 ns  (Passed)


Source Clock Path
Name                                      Cell/Site Name     Delay Name       Incr   Arrival/Required Time  Fanout  
----------------------------------------  -----------------  ---------------  -----  ---------------------  ------  
hf_osc/CLKHF                              HFOSC_HFOSC_R1C32  CLOCK LATENCY    0.000                  0.000  16      
blink_counter/int_osc                                        NET DELAY        3.084                  3.084  16      
{blink_counter/count_8__i21/CK   blink_counter/count_8__i22/CK}
                                                             CLOCK PIN        0.000                  3.084  1       


Data Path
Name                                      Cell/Site Name     Delay Name       Incr   Arrival/Required Time  Fanout  
----------------------------------------  -----------------  ---------------  -----  ---------------------  ------  
blink_counter/count_8__i22/CK->blink_counter/count_8__i22/Q
                                          SLICE_R17C19D      CLK_TO_Q1_DELAY  0.779                  3.863  2       
blink_counter/count[22]                                      NET DELAY        0.882                  4.745  2       
blink_counter/count_8_add_4_23/C1->blink_counter/count_8_add_4_23/S1
                                          SLICE_R17C19D      C1_TO_F1_DELAY   0.252                  4.997  1       
blink_counter/n101[22]                                       NET DELAY        0.000                  4.997  1       
blink_counter/count_8__i22/D                                 ENDPOINT         0.000                  4.997  1       


Destination Clock Path
Name                                      Cell/Site Name     Delay Name       Incr   Arrival/Required Time  Fanout  
----------------------------------------  -----------------  ---------------  -----  ---------------------  ------  
                                                             CONSTRAINT       0.000                  0.000  1       
hf_osc/CLKHF                              HFOSC_HFOSC_R1C32  CLOCK LATENCY    0.000                  0.000  16      
blink_counter/int_osc                                        NET DELAY        3.084                  3.084  16      
{blink_counter/count_8__i21/CK   blink_counter/count_8__i22/CK}
                                                             CLOCK PIN        0.000                  3.084  1       
                                                             Uncertainty      0.000                  3.084  
                                                             Hold time        0.000                  3.084  
----------------------------------------  -----------------  ---------------  -----  ---------------------  ------  
Required Time                                                                                       -3.084  
Arrival Time                                                                                         4.997  
----------------------------------------  -----------------  ---------------  -----  ---------------------  ------  
Path Slack  (Passed)                                                                                 1.913  




++++ Path 6 ++++++++++++++++++++++++++++++++++++++++++++++++++++++++++ 

Path Begin       : blink_counter/count_8__i23/Q  (SLICE_R17C20A)
Path End         : blink_counter/count_8__i23/D  (SLICE_R17C20A)
Source Clock     : int_osc (R)
Destination Clock: int_osc (R)
Logic Level      : 2
Delay Ratio      : 46.1% (route), 53.9% (logic)
Clock Skew       : 0.000 ns 
Hold Constraint  : 0.000 ns 
Path Slack       : 1.913 ns  (Passed)


Source Clock Path
Name                                      Cell/Site Name     Delay Name       Incr   Arrival/Required Time  Fanout  
----------------------------------------  -----------------  ---------------  -----  ---------------------  ------  
hf_osc/CLKHF                              HFOSC_HFOSC_R1C32  CLOCK LATENCY    0.000                  0.000  16      
blink_counter/int_osc                                        NET DELAY        3.084                  3.084  16      
blink_counter/count_8__i23/CK                                CLOCK PIN        0.000                  3.084  1       


Data Path
Name                                      Cell/Site Name     Delay Name       Incr   Arrival/Required Time  Fanout  
----------------------------------------  -----------------  ---------------  -----  ---------------------  ------  
blink_counter/count_8__i23/CK->blink_counter/count_8__i23/Q
                                          SLICE_R17C20A      CLK_TO_Q0_DELAY  0.779                  3.863  2       
blink_counter/count[23]                                      NET DELAY        0.882                  4.745  2       
blink_counter/count_8_add_4_25/C0->blink_counter/count_8_add_4_25/S0
                                          SLICE_R17C20A      C0_TO_F0_DELAY   0.252                  4.997  1       
blink_counter/n101[23]                                       NET DELAY        0.000                  4.997  1       
blink_counter/count_8__i23/D                                 ENDPOINT         0.000                  4.997  1       


Destination Clock Path
Name                                      Cell/Site Name     Delay Name       Incr   Arrival/Required Time  Fanout  
----------------------------------------  -----------------  ---------------  -----  ---------------------  ------  
                                                             CONSTRAINT       0.000                  0.000  1       
hf_osc/CLKHF                              HFOSC_HFOSC_R1C32  CLOCK LATENCY    0.000                  0.000  16      
blink_counter/int_osc                                        NET DELAY        3.084                  3.084  16      
blink_counter/count_8__i23/CK                                CLOCK PIN        0.000                  3.084  1       
                                                             Uncertainty      0.000                  3.084  
                                                             Hold time        0.000                  3.084  
----------------------------------------  -----------------  ---------------  -----  ---------------------  ------  
Required Time                                                                                       -3.084  
Arrival Time                                                                                         4.997  
----------------------------------------  -----------------  ---------------  -----  ---------------------  ------  
Path Slack  (Passed)                                                                                 1.913  




++++ Path 7 ++++++++++++++++++++++++++++++++++++++++++++++++++++++++++ 

Path Begin       : blink_counter/count_8__i11/Q  (SLICE_R17C18C)
Path End         : blink_counter/count_8__i11/D  (SLICE_R17C18C)
Source Clock     : int_osc (R)
Destination Clock: int_osc (R)
Logic Level      : 2
Delay Ratio      : 46.1% (route), 53.9% (logic)
Clock Skew       : 0.000 ns 
Hold Constraint  : 0.000 ns 
Path Slack       : 1.913 ns  (Passed)


Source Clock Path
Name                                      Cell/Site Name     Delay Name       Incr   Arrival/Required Time  Fanout  
----------------------------------------  -----------------  ---------------  -----  ---------------------  ------  
hf_osc/CLKHF                              HFOSC_HFOSC_R1C32  CLOCK LATENCY    0.000                  0.000  16      
blink_counter/int_osc                                        NET DELAY        3.084                  3.084  16      
{blink_counter/count_8__i11/CK   blink_counter/count_8__i12/CK}
                                                             CLOCK PIN        0.000                  3.084  1       


Data Path
Name                                      Cell/Site Name     Delay Name       Incr   Arrival/Required Time  Fanout  
----------------------------------------  -----------------  ---------------  -----  ---------------------  ------  
blink_counter/count_8__i11/CK->blink_counter/count_8__i11/Q
                                          SLICE_R17C18C      CLK_TO_Q0_DELAY  0.779                  3.863  2       
blink_counter/count[11]                                      NET DELAY        0.882                  4.745  2       
blink_counter/count_8_add_4_13/C0->blink_counter/count_8_add_4_13/S0
                                          SLICE_R17C18C      C0_TO_F0_DELAY   0.252                  4.997  1       
blink_counter/n101[11]                                       NET DELAY        0.000                  4.997  1       
blink_counter/count_8__i11/D                                 ENDPOINT         0.000                  4.997  1       


Destination Clock Path
Name                                      Cell/Site Name     Delay Name       Incr   Arrival/Required Time  Fanout  
----------------------------------------  -----------------  ---------------  -----  ---------------------  ------  
                                                             CONSTRAINT       0.000                  0.000  1       
hf_osc/CLKHF                              HFOSC_HFOSC_R1C32  CLOCK LATENCY    0.000                  0.000  16      
blink_counter/int_osc                                        NET DELAY        3.084                  3.084  16      
{blink_counter/count_8__i11/CK   blink_counter/count_8__i12/CK}
                                                             CLOCK PIN        0.000                  3.084  1       
                                                             Uncertainty      0.000                  3.084  
                                                             Hold time        0.000                  3.084  
----------------------------------------  -----------------  ---------------  -----  ---------------------  ------  
Required Time                                                                                       -3.084  
Arrival Time                                                                                         4.997  
----------------------------------------  -----------------  ---------------  -----  ---------------------  ------  
Path Slack  (Passed)                                                                                 1.913  




++++ Path 8 ++++++++++++++++++++++++++++++++++++++++++++++++++++++++++ 

Path Begin       : blink_counter/count_8__i12/Q  (SLICE_R17C18C)
Path End         : blink_counter/count_8__i12/D  (SLICE_R17C18C)
Source Clock     : int_osc (R)
Destination Clock: int_osc (R)
Logic Level      : 2
Delay Ratio      : 46.1% (route), 53.9% (logic)
Clock Skew       : 0.000 ns 
Hold Constraint  : 0.000 ns 
Path Slack       : 1.913 ns  (Passed)


Source Clock Path
Name                                      Cell/Site Name     Delay Name       Incr   Arrival/Required Time  Fanout  
----------------------------------------  -----------------  ---------------  -----  ---------------------  ------  
hf_osc/CLKHF                              HFOSC_HFOSC_R1C32  CLOCK LATENCY    0.000                  0.000  16      
blink_counter/int_osc                                        NET DELAY        3.084                  3.084  16      
{blink_counter/count_8__i11/CK   blink_counter/count_8__i12/CK}
                                                             CLOCK PIN        0.000                  3.084  1       


Data Path
Name                                      Cell/Site Name     Delay Name       Incr   Arrival/Required Time  Fanout  
----------------------------------------  -----------------  ---------------  -----  ---------------------  ------  
blink_counter/count_8__i12/CK->blink_counter/count_8__i12/Q
                                          SLICE_R17C18C      CLK_TO_Q1_DELAY  0.779                  3.863  2       
blink_counter/count[12]                                      NET DELAY        0.882                  4.745  2       
blink_counter/count_8_add_4_13/C1->blink_counter/count_8_add_4_13/S1
                                          SLICE_R17C18C      C1_TO_F1_DELAY   0.252                  4.997  1       
blink_counter/n101[12]                                       NET DELAY        0.000                  4.997  1       
blink_counter/count_8__i12/D                                 ENDPOINT         0.000                  4.997  1       


Destination Clock Path
Name                                      Cell/Site Name     Delay Name       Incr   Arrival/Required Time  Fanout  
----------------------------------------  -----------------  ---------------  -----  ---------------------  ------  
                                                             CONSTRAINT       0.000                  0.000  1       
hf_osc/CLKHF                              HFOSC_HFOSC_R1C32  CLOCK LATENCY    0.000                  0.000  16      
blink_counter/int_osc                                        NET DELAY        3.084                  3.084  16      
{blink_counter/count_8__i11/CK   blink_counter/count_8__i12/CK}
                                                             CLOCK PIN        0.000                  3.084  1       
                                                             Uncertainty      0.000                  3.084  
                                                             Hold time        0.000                  3.084  
----------------------------------------  -----------------  ---------------  -----  ---------------------  ------  
Required Time                                                                                       -3.084  
Arrival Time                                                                                         4.997  
----------------------------------------  -----------------  ---------------  -----  ---------------------  ------  
Path Slack  (Passed)                                                                                 1.913  




++++ Path 9 ++++++++++++++++++++++++++++++++++++++++++++++++++++++++++ 

Path Begin       : blink_counter/count_8__i13/Q  (SLICE_R17C18D)
Path End         : blink_counter/count_8__i13/D  (SLICE_R17C18D)
Source Clock     : int_osc (R)
Destination Clock: int_osc (R)
Logic Level      : 2
Delay Ratio      : 46.1% (route), 53.9% (logic)
Clock Skew       : 0.000 ns 
Hold Constraint  : 0.000 ns 
Path Slack       : 1.913 ns  (Passed)


Source Clock Path
Name                                      Cell/Site Name     Delay Name       Incr   Arrival/Required Time  Fanout  
----------------------------------------  -----------------  ---------------  -----  ---------------------  ------  
hf_osc/CLKHF                              HFOSC_HFOSC_R1C32  CLOCK LATENCY    0.000                  0.000  16      
blink_counter/int_osc                                        NET DELAY        3.084                  3.084  16      
{blink_counter/count_8__i13/CK   blink_counter/count_8__i14/CK}
                                                             CLOCK PIN        0.000                  3.084  1       


Data Path
Name                                      Cell/Site Name     Delay Name       Incr   Arrival/Required Time  Fanout  
----------------------------------------  -----------------  ---------------  -----  ---------------------  ------  
blink_counter/count_8__i13/CK->blink_counter/count_8__i13/Q
                                          SLICE_R17C18D      CLK_TO_Q0_DELAY  0.779                  3.863  2       
blink_counter/count[13]                                      NET DELAY        0.882                  4.745  2       
blink_counter/count_8_add_4_15/C0->blink_counter/count_8_add_4_15/S0
                                          SLICE_R17C18D      C0_TO_F0_DELAY   0.252                  4.997  1       
blink_counter/n101[13]                                       NET DELAY        0.000                  4.997  1       
blink_counter/count_8__i13/D                                 ENDPOINT         0.000                  4.997  1       


Destination Clock Path
Name                                      Cell/Site Name     Delay Name       Incr   Arrival/Required Time  Fanout  
----------------------------------------  -----------------  ---------------  -----  ---------------------  ------  
                                                             CONSTRAINT       0.000                  0.000  1       
hf_osc/CLKHF                              HFOSC_HFOSC_R1C32  CLOCK LATENCY    0.000                  0.000  16      
blink_counter/int_osc                                        NET DELAY        3.084                  3.084  16      
{blink_counter/count_8__i13/CK   blink_counter/count_8__i14/CK}
                                                             CLOCK PIN        0.000                  3.084  1       
                                                             Uncertainty      0.000                  3.084  
                                                             Hold time        0.000                  3.084  
----------------------------------------  -----------------  ---------------  -----  ---------------------  ------  
Required Time                                                                                       -3.084  
Arrival Time                                                                                         4.997  
----------------------------------------  -----------------  ---------------  -----  ---------------------  ------  
Path Slack  (Passed)                                                                                 1.913  




++++ Path 10 ++++++++++++++++++++++++++++++++++++++++++++++++++++++++++ 

Path Begin       : blink_counter/count_8__i14/Q  (SLICE_R17C18D)
Path End         : blink_counter/count_8__i14/D  (SLICE_R17C18D)
Source Clock     : int_osc (R)
Destination Clock: int_osc (R)
Logic Level      : 2
Delay Ratio      : 46.1% (route), 53.9% (logic)
Clock Skew       : 0.000 ns 
Hold Constraint  : 0.000 ns 
Path Slack       : 1.913 ns  (Passed)


Source Clock Path
Name                                      Cell/Site Name     Delay Name       Incr   Arrival/Required Time  Fanout  
----------------------------------------  -----------------  ---------------  -----  ---------------------  ------  
hf_osc/CLKHF                              HFOSC_HFOSC_R1C32  CLOCK LATENCY    0.000                  0.000  16      
blink_counter/int_osc                                        NET DELAY        3.084                  3.084  16      
{blink_counter/count_8__i13/CK   blink_counter/count_8__i14/CK}
                                                             CLOCK PIN        0.000                  3.084  1       


Data Path
Name                                      Cell/Site Name     Delay Name       Incr   Arrival/Required Time  Fanout  
----------------------------------------  -----------------  ---------------  -----  ---------------------  ------  
blink_counter/count_8__i14/CK->blink_counter/count_8__i14/Q
                                          SLICE_R17C18D      CLK_TO_Q1_DELAY  0.779                  3.863  2       
blink_counter/count[14]                                      NET DELAY        0.882                  4.745  2       
blink_counter/count_8_add_4_15/C1->blink_counter/count_8_add_4_15/S1
                                          SLICE_R17C18D      C1_TO_F1_DELAY   0.252                  4.997  1       
blink_counter/n101[14]                                       NET DELAY        0.000                  4.997  1       
blink_counter/count_8__i14/D                                 ENDPOINT         0.000                  4.997  1       


Destination Clock Path
Name                                      Cell/Site Name     Delay Name       Incr   Arrival/Required Time  Fanout  
----------------------------------------  -----------------  ---------------  -----  ---------------------  ------  
                                                             CONSTRAINT       0.000                  0.000  1       
hf_osc/CLKHF                              HFOSC_HFOSC_R1C32  CLOCK LATENCY    0.000                  0.000  16      
blink_counter/int_osc                                        NET DELAY        3.084                  3.084  16      
{blink_counter/count_8__i13/CK   blink_counter/count_8__i14/CK}
                                                             CLOCK PIN        0.000                  3.084  1       
                                                             Uncertainty      0.000                  3.084  
                                                             Hold time        0.000                  3.084  
----------------------------------------  -----------------  ---------------  -----  ---------------------  ------  
Required Time                                                                                       -3.084  
Arrival Time                                                                                         4.997  
----------------------------------------  -----------------  ---------------  -----  ---------------------  ------  
Path Slack  (Passed)                                                                                 1.913  



+++++++++++++++++++++++++++++++++++++++++++++++++++++++++++++++++++++ 
                    End of Detailed Report for timing paths 
+++++++++++++++++++++++++++++++++++++++++++++++++++++++++++++++++++++ 


##########################################################



