
                         Lattice Mapping Report File

Design:  lab2_top
Family:  iCE40UP
Device:  iCE40UP5K
Package: SG48
Performance Grade:  High-Performance_1.2V

Mapper:    version Radiant Software (64-bit) 2026.1.0.37.0
Mapped on: Tue Sep 15 06:38:16 2026

Design Information
------------------

Command line:   map -pdc C:/Users/jikehara/my_designs/lab2_part2_JI/lab2_part2_k
     eypad_pin_assignments.pdc -i lab2_part2_JI_impl_1_syn.udb -o
     lab2_part2_JI_impl_1_map.udb -mp lab2_part2_JI_impl_1.mrp -hierrpt -gui
     -msgset C:/Users/jikehara/my_designs/lab2_part2_JI/promote.xml

Design Summary
--------------

   Number of slice registers:  25 out of  5280 (<1%)
   Number of I/O registers:      0 out of   117 (0%)
   Number of LUT4s:            63 out of  5280 (1%)
      Number of logic LUT4s:              37
      Number of ripple logic:             13 (26 LUT4s)
   Number of IO sites used:   13 out of 39 (33%)
      Number of IO sites used for general PIO: 13
      Number of IO sites used for I3C: 0 out of 2 (0%)
      (note: If I3C is not used, its site can be used as general PIO)
      Number of IO sites used for PIO+I3C: 13 out of 36 (36%)
      Number of IO sites used for OD+RGB IO buffers: 0 out of 3 (0%)
      (note: If RGB LED drivers are not used, sites can be used as OD outputs,
       see TN1288 iCE40 LED Driver Usage Guide)
      Number of IO sites used for PIO+I3C+OD+RGB: 13 out of 39 (33%)
   Number of DSPs:             0 out of 8 (0%)
   Number of I2Cs:             0 out of 2 (0%)
   Number of High Speed OSCs:  1 out of 1 (100%)
   Number of Low Speed OSCs:   0 out of 1 (0%)
   Number of RGB PWM:          0 out of 1 (0%)
   Number of RGB Drivers:      0 out of 1 (0%)
   Number of SCL FILTERs:      0 out of 2 (0%)
   Number of SRAMs:            0 out of 4 (0%)
   Number of WARMBOOTs:        0 out of 1 (0%)
   Number of SPIs:             0 out of 2 (0%)
   Number of EBRs:             0 out of 30 (0%)
   Number of PLLs:             0 out of 1 (0%)
   Number of Clocks:  1
      Net int_osc: 13 loads, 13 rising, 0 falling (Driver: Pin hf_osc/CLKHF)
   Number of Clock Enables:  1
      Net VCC_net: 1 loads, 0 SLICEs
   Number of LSRs:  1
      Net scanner.scan_counter.n15: 13 loads, 13 SLICEs
   Top 10 highest fanout non-clock nets:
      Net scanner.scan_counter.n15: 13 loads
      Net scanner.count[19]: 6 loads
      Net scanner.count[20]: 6 loads
      Net scanner.count[24]: 6 loads
      Net count[13]: 5 loads
      Net scanner.count[10]: 5 loads

                                    Page 1





Design Summary (cont)
---------------------
      Net scanner.count[11]: 5 loads
      Net scanner.count[21]: 5 loads
      Net scanner.count[22]: 5 loads
      Net scanner.count[23]: 5 loads





   Number of warnings:  0
   Number of criticals: 0
   Number of errors:    0

Design Errors/Criticals/Warnings
--------------------------------

   No error, critical, or warning presents.

IO (PIO) Attributes
-------------------

+---------------------+-----------+-----------+-------+-------+-----------+
| IO Name             | Direction | Levelmode |  IO   |  IO   | Special   |
|                     |           |  IO_TYPE  |  REG  |  DDR  | IO Buffer |
+---------------------+-----------+-----------+-------+-------+-----------+
| led[0]              | OUTPUT    | LVCMOS33  |       |       |           |
+---------------------+-----------+-----------+-------+-------+-----------+
| led[1]              | OUTPUT    |           |       |       |           |
+---------------------+-----------+-----------+-------+-------+-----------+
| reset               | INPUT     |           |       |       |           |
+---------------------+-----------+-----------+-------+-------+-----------+
| keypad_col[3]       | INPUT     |           |       |       |           |
+---------------------+-----------+-----------+-------+-------+-----------+
| keypad_col[2]       | INPUT     |           |       |       |           |
+---------------------+-----------+-----------+-------+-------+-----------+
| keypad_col[1]       | INPUT     |           |       |       |           |
+---------------------+-----------+-----------+-------+-------+-----------+
| keypad_col[0]       | INPUT     |           |       |       |           |
+---------------------+-----------+-----------+-------+-------+-----------+
| keypad_row[3]       | OUTPUT    |           |       |       |           |
+---------------------+-----------+-----------+-------+-------+-----------+
| keypad_row[2]       | OUTPUT    |           |       |       |           |
+---------------------+-----------+-----------+-------+-------+-----------+
| keypad_row[1]       | OUTPUT    |           |       |       |           |
+---------------------+-----------+-----------+-------+-------+-----------+
| keypad_row[0]       | OUTPUT    |           |       |       |           |
+---------------------+-----------+-----------+-------+-------+-----------+
| led[3]              | OUTPUT    |           |       |       |           |
+---------------------+-----------+-----------+-------+-------+-----------+
| led[2]              | OUTPUT    |           |       |       |           |
+---------------------+-----------+-----------+-------+-------+-----------+

Removed logic
-------------

Block i1 was optimized away.



                                    Page 2





OSC Summary
-----------

OSC 1:                                 Pin/Node Value
  OSC Instance Name:                            hf_osc
  Power UP:                            NODE     VCC_net
  Enable Signal:                       NODE     VCC_net
  OSC Output:                          NODE     int_osc
  DIV Setting:                                  00

ASIC Components
---------------

Instance Name: hf_osc
         Type: HFOSC

Constraint Summary
------------------

   Total number of constraints: 20
   Total number of constraints dropped: 0

Run Time and Memory Usage
-------------------------

   Total CPU Time: 0 secs
   Total REAL Time: 0 secs
   Peak Memory Usage: 66 MB
Checksum -- map: eb66028c9409f638b7e26f2fba37ce8d253d64b































                                    Page 3


Copyright (c) 1991-1994 by NeoCAD Inc. All rights reserved.
Copyright (c) 1995
     AT&T Corp.   All rights reserved.
Copyright (c) 1995-2001 Lucent
     Technologies Inc.  All rights reserved.
Copyright (c) 2001 Agere Systems
     All rights reserved.
Copyright (c) 2002-2026 Lattice Semiconductor
     Corporation,  All rights reserved.
