
pnmainc -log pnmain "lab2_JI_impl_1_map.tcl"
map:  version Radiant Software (64-bit) 2026.1.0.37.0

Copyright (c) 1991-1994 by NeoCAD Inc. All rights reserved.
Copyright (c) 1995 AT&T Corp.   All rights reserved.
Copyright (c) 1995-2001 Lucent Technologies Inc.  All rights reserved.
Copyright (c) 2001 Agere Systems   All rights reserved.
Copyright (c) 2002-2026 Lattice Semiconductor Corporation,  All rights reserved.

Command line:   map -pdc C:/Users/jikehara/my_designs/lab2_JI/lab2_JI_pin_assign_dual_display.pdc -i lab2_JI_impl_1_syn.udb -o lab2_JI_impl_1_map.udb -mp lab2_JI_impl_1.mrp -hierrpt -gui -msgset C:/Users/jikehara/my_designs/lab2_JI/promote.xml 

Loading device for application GENERIC from file 'itpa08.nph' in environment: C:/lscc/radiant/2026.1/ispfpga.
Package Status:                     Preliminary    Version 1.5.



Design:  lab2_top
Family:  iCE40UP
Device:  iCE40UP5K
Package: SG48
Performance Grade:  High-Performance_1.2V

Running general design DRC...




Design Summary:
   Number of slice registers:  16 out of  5280 (<1%)
   Number of I/O registers:      0 out of   117 (0%)
   Number of LUT4s:            40 out of  5280 (1%)
      Number of logic LUT4s:              22
      Number of ripple logic:              9 (18 LUT4s)
   Number of IO sites used:   18 out of 39 (46%)
      Number of IO sites used for general PIO: 18
      Number of IO sites used for I3C: 0 out of 2 (0%)
      (note: If I3C is not used, its site can be used as general PIO)
      Number of IO sites used for PIO+I3C: 18 out of 36 (50%)
      Number of IO sites used for OD+RGB IO buffers: 0 out of 3 (0%)
      (note: If RGB LED drivers are not used, sites can be used as OD outputs,
       see TN1288 iCE40 LED Driver Usage Guide)
      Number of IO sites used for PIO+I3C+OD+RGB: 18 out of 39 (46%)
   Number of DSPs:             0 out of 8 (0%)
   Number of I2Cs:             0 out of 2 (0%)
   Number of High Speed OSCs:  1 out of 1 (100%)
   Number of Low Speed OSCs:   0 out of 1 (0%)
   Number of RGB PWM:          0 out of 1 (0%)
   Number of RGB Drivers:      0 out of 1 (0%)
   Number of SCL FILTERs:      0 out of 2 (0%)
   Number of SRAMs:            0 out of 4 (0%)
   Number of WARMBOOTs:        0 out of 1 (0%)
   Number of SPIs:             0 out of 2 (0%)
   Number of EBRs:             0 out of 30 (0%)
   Number of PLLs:             0 out of 1 (0%)
   Number of Clocks:  1
      Net int_osc: 9 loads, 9 rising, 0 falling (Driver: Pin hf_osc/CLKHF)
   Number of Clock Enables:  1
      Net VCC_net: 1 loads, 0 SLICEs
   Number of LSRs:  1
      Net mux.mux_counter.n21: 9 loads, 9 SLICEs
   Top 10 highest fanout non-clock nets:
      Net mux.mux_counter.n21: 9 loads
      Net selected_hex[0]: 7 loads
      Net selected_hex[1]: 7 loads
      Net selected_hex[2]: 7 loads
      Net selected_hex[3]: 7 loads
      Net anode_left_c: 5 loads
      Net mux.count[13]: 4 loads
      Net mux.count[14]: 4 loads
      Net mux.count[15]: 4 loads
      Net mux.count[6]: 3 loads
Running physical design DRC...

 


   Number of warnings:  0
   Number of criticals: 0
   Number of errors:    0

Constraint Summary:
   Total number of constraints: 29
   Total number of constraints dropped: 0


Total CPU Time: 0 secs  
Total REAL Time: 0 secs  
Peak Memory Usage: 65 MB

Checksum -- map: b4e228e6a22a1a6f739b029253066e1ac42090c
**** CMD map_run - CPU/Elapsed: 0 secs / 0 secs , MEM/Increased: 59.675 Mb/ 0.184 Mb, DATE: 07:25:24 09/15/26
Thank you for using Radiant. Total CPU/Elapsed time: 0 secs /0 secs 

pnmainc -log pnmain "lab2_JI_impl_1_par.tcl"

PAR: Place And Route Radiant Software (64-bit) 2026.1.0.37.0.
PARed on: Tue Sep 15 07:25:28 2026

Command Line: par -w -t 1 -cores 1 -hsp m -exp parPathBased=ON \
	lab2_JI_impl_1_map.udb lab2_JI_impl_1_par.dir/5_1.udb 

Loading lab2_JI_impl_1_map.udb ...
Loading device for application GENERIC from file 'itpa08.nph' in environment: C:/lscc/radiant/2026.1/ispfpga.
Package Status:                     Preliminary    Version 1.5.
Successfully read the udb in 0.00 s.

Performance Hardware Data Status:   Advanced       Version 1.0.



Design:  lab2_top
Family:  iCE40UP
Device:  iCE40UP5K
Package: SG48
Performance Grade:   High-Performance_1.2V

Constraint Summary
   Total number of constraints: 19
   Total number of constraints dropped: 0

Successfully loaded device info and constraints in 0.00 s.

Beginning Place Design 
Phase 1 Placer Initialization 
Number of Signals: 81
Number of Connections: 174
Phase 1 Placer Initialization Complete: Time (s) - CPU Time : 0.00, Real Time : 0.00  |   Memory (MB) - Peak Memory : 75.72, Gain Memory : 4.75  

Time: cpu = 00:00:00 ; elapsed : 00:00:00 . Memory (MB): peak = 75.72 ; gain = 4.75 

Phase 2 Logic Packing 
Device utilization summary:

   SLICE (est.)      21/2640          1% used
     LUT             40/5280          1% used
     REG             16/5280         <1% used
   PIO               18/56           32% used
                     18/36           50% bonded
   IOLOGIC            0/56            0% used
   DSP                0/8             0% used
   I2C                0/2             0% used
   HFOSC              1/1           100% used
   LFOSC              0/1             0% used
   LEDDA_IP           0/1             0% used
   RGBA_DRV           0/1             0% used
   FILTER             0/2             0% used
   SRAM               0/4             0% used
   WARMBOOT           0/1             0% used
   SPI                0/2             0% used
   EBR                0/30            0% used
   PLL                0/1             0% used
   RGBOUTBUF          0/3             0% used
   I3C                0/2             0% used
   OPENDRAIN          0/3             0% used

Phase 2 Logic Packing Complete: Time (s) - CPU Time : 0.02, Real Time : 0.00  |   Memory (MB) - Peak Memory : 76.29, Gain Memory : 0.53  

Time: cpu = 00:00:00 ; elapsed : 00:00:00 . Memory (MB): peak = 76.29 ; gain = 0.53 

Phase 3 Hierarchical Placement 
Pin Constraint Summary:
   18 out of 18 pins locked (100% locked).
Phase 3.1 Clustering & Global Placement 
Phase 3.1 Clustering & Global Placement Complete: Time (s) - CPU Time : 0.00, Real Time : 0.00  |   Memory (MB) - Peak Memory : 77.74, Gain Memory : 0.00  

Time: cpu = 00:00:00 ; elapsed : 00:00:00 . Memory (MB): peak = 77.74 ; gain = 0.00 

Phase 3 Hierarchical Placement Complete: Time (s) - CPU Time : 0.00, Real Time : 0.01  |   Memory (MB) - Peak Memory : 77.75, Gain Memory : 1.46  

Time: cpu = 00:00:00 ; elapsed : 00:00:00 . Memory (MB): peak = 77.75 ; gain = 1.46 

Phase 4 Apollo Placement 

................
Finished Placer Phase 0 (AP).  CPU time: 0 secs , REAL time: 0 secs 

Phase 4 Apollo Placement Complete: Time (s) - CPU Time : 0.03, Real Time : 0.03  |   Memory (MB) - Peak Memory : 79.80, Gain Memory : 2.04  

Time: cpu = 00:00:00 ; elapsed : 00:00:00 . Memory (MB): peak = 79.80 ; gain = 2.04 

Phase 5 Constructive Placement 
Phase 5.1 Iterative Refinement 
..  ..
....................

Placer score = 20475.

Device SLICE utilization summary after final SLICE packing:
   SLICE             21/2640         <1% used

Phase 5.1 Iterative Refinement Complete: Time (s) - CPU Time : 3.44, Real Time : 3.49  |   Memory (MB) - Peak Memory : 97.23, Gain Memory : 17.43  

Time: cpu = 00:00:03 ; elapsed : 00:00:04 . Memory (MB): peak = 97.23 ; gain = 17.43 

Phase 5 Constructive Placement Complete: Time (s) - CPU Time : 3.44, Real Time : 3.49  |   Memory (MB) - Peak Memory : 97.23, Gain Memory : 17.43  

Time: cpu = 00:00:03 ; elapsed : 00:00:04 . Memory (MB): peak = 97.23 ; gain = 17.43 

Phase 6 Placement Optimization 
Phase 6.1 Local Optimization 
.

Placer score =  24017
Phase 6.1 Local Optimization Complete: Time (s) - CPU Time : 0.02, Real Time : 0.01  |   Memory (MB) - Peak Memory : 97.23, Gain Memory : 1.21  

Time: cpu = 00:00:04 ; elapsed : 00:00:04 . Memory (MB): peak = 97.23 ; gain = 1.21 

Phase 6 Placement Optimization Complete: Time (s) - CPU Time : 0.02, Real Time : 0.01  |   Memory (MB) - Peak Memory : 97.23, Gain Memory : 1.21  

Time: cpu = 00:00:04 ; elapsed : 00:00:04 . Memory (MB): peak = 97.23 ; gain = 1.21 

Phase 7 IC1PL_TKPP 

------------------ Clock Report ------------------

Global Clocks :
  PRIMARY "int_osc" from comp "hf_osc" on site "HFOSC_R1C32", clk load = 9, ce load = 0, sr load = 0

  PRIMARY  : 1 out of 8 (12%)

--------------- End of Clock Report ---------------


I/O Usage Summary (final):
   18 out of 56 (32.1%) I/O sites used.
   18 out of 36 (50.0%) bonded I/O sites used.
   Number of I/O components: 18; differential: 0
   Number of Vref pins used: 0

I/O Bank Usage Summary:
+----------+---------------+------------+------------+------------+
| I/O Bank | Usage         | Bank Vccio | Bank Vref1 | Bank Vref2 |
+----------+---------------+------------+------------+------------+
| 0        | 5 / 14 ( 35%) | 3.3V       |            |            |
| 1        | 9 / 14 ( 64%) | 3.3V       |            |            |
| 2        | 4 / 8 ( 50%)  | 3.3V       |            |            |
+----------+---------------+------------+------------+------------+

Phase 7 IC1PL_TKPP Complete: Time (s) - CPU Time : 0.00, Real Time : 0.00  |   Memory (MB) - Peak Memory : 97.23, Gain Memory : 1.06  

Time: cpu = 00:00:04 ; elapsed : 00:00:04 . Memory (MB): peak = 97.23 ; gain = 1.06 

Total Placer CPU time: 4 secs, REAL time = 4 secs


Checksum -- place: b4090447d5884b47fa026c7abc025e78c499835b
Ending Place Design : Time (s) - CPU Time : 3.50, Real Time : 3.55  |   Memory (MB) - Peak Memory : 97.23, Gain Memory : 26.27  

Time: cpu = 00:00:04 ; elapsed : 00:00:04 . Memory (MB): peak = 97.23 ; gain = 26.27 


 Phase Summary Table: 	
+--------------------------------------------------------+-------------+--------------+-----------------+----------------+
| Phase Name                                             | CPU Time(s) | Wall Time(s) | Peak Memory(MB) | Memory Gain(MB)|
+--------------------------------------------------------+-------------+--------------+-----------------+----------------+
| Phase 1 Placer Initialization                          | 0.00        |         0.00 |           75.72 |           4.75 |
| Phase 2 Logic Packing                                  | 0.02        |         0.00 |           76.29 |           0.53 |
| Phase 3 Hierarchical Placement                         | 0.00        |         0.01 |           77.75 |           1.46 |
| Phase 3.1 Clustering & Global Placement                | 0.00        |         0.00 |           77.74 |           0.00 |
| Phase 4 Apollo Placement                               | 0.03        |         0.03 |           79.80 |           2.04 |
| Phase 5 Constructive Placement                         | 3.44        |         3.49 |           97.23 |          17.43 |
| Phase 5.1 Iterative Refinement                         | 3.44        |         3.49 |           97.23 |          17.43 |
| Phase 6 Placement Optimization                         | 0.02        |         0.01 |           97.23 |           1.21 |
| Phase 6.1 Local Optimization                           | 0.02        |         0.01 |           97.23 |           1.21 |
| Phase 7 IC1PL_TKPP                                     | 0.00        |         0.00 |           97.23 |           1.06 |
+--------------------------------------------------------+-------------+--------------+-----------------+----------------+
Writing design to file lab2_JI_impl_1_par.dir/5_1.udb ...

Starting Route Task
Beginning Route Design 
Phase 1 Build Route Design 

Start NBR router at 07:25:32 09/15/26

*****************************************************************
Info: NBR allows conflicts(one node used by more than one signal)
      in the earlier iterations. In each iteration, it tries to  
      solve the conflicts while keeping the critical connections 
      routed as short as possible. The routing process is said to
      be completed when no conflicts exist and all connections   
      are routed.                                                
Note: NBR uses a different method to calculate timing slacks. The
      worst slack and total negative slack may not be the same as
      that in timing report. You should always run the timing    
      tool to verify your design.                                
*****************************************************************

Phase 1 Build Route Design Complete: Time (s) - CPU Time : 0.03, Real Time : 0.03  |   Memory (MB) - Peak Memory : 97.23, Gain Memory : 20.43  

Time: cpu = 00:00:00 ; elapsed : 00:00:00 . Memory (MB): peak = 97.23 ; gain = 20.43 

Phase 2 Design Checks and Routing Setup 
Phase 2 Design Checks and Routing Setup Complete: Time (s) - CPU Time : 0.00, Real Time : 0.00  |   Memory (MB) - Peak Memory : 97.23, Gain Memory : 1.70  

Time: cpu = 00:00:00 ; elapsed : 00:00:00 . Memory (MB): peak = 97.23 ; gain = 1.70 

Phase 3 Dedicated Net and Clock Routing 
Phase 3.1 Routing User Constraints 
Phase 3.1 Routing User Constraints Complete: Time (s) - CPU Time : 0.28, Real Time : 0.28  |   Memory (MB) - Peak Memory : 111.44, Gain Memory : 15.91  

Time: cpu = 00:00:00 ; elapsed : 00:00:00 . Memory (MB): peak = 111.44 ; gain = 15.91 

Phase 3.2 Dedicated Routing 
Phase 3.2 Dedicated Routing Complete: Time (s) - CPU Time : 0.00, Real Time : 0.00  |   Memory (MB) - Peak Memory : 111.44, Gain Memory : 15.67  

Time: cpu = 00:00:00 ; elapsed : 00:00:00 . Memory (MB): peak = 111.44 ; gain = 15.67 

Phase 3.3 Clock Net Routing 
Phase 3.3 Clock Net Routing Complete: Time (s) - CPU Time : 0.00, Real Time : 0.00  |   Memory (MB) - Peak Memory : 111.44, Gain Memory : 20.47  

Time: cpu = 00:00:00 ; elapsed : 00:00:00 . Memory (MB): peak = 111.44 ; gain = 20.47 

Phase 3.4 Dedicated Net and Clock Routing Finalization 
Preassignment Summary:
--------------------------------------------------------------------------------
1 global clock signals routed
42 connections routed (of 174 total) (24.14%)
---------------------------------------------------------
Clock routing summary:
Primary clocks (1 used out of 8 available):
#4  Signal "int_osc"
       Clock   loads: 9     out of     9 routed (100.00%)
---------------------------------------------------------
--------------------------------------------------------------------------------
Phase 3.4 Dedicated Net and Clock Routing Finalization Complete: Time (s) - CPU Time : 0.00, Real Time : 0.00  |   Memory (MB) - Peak Memory : 111.44, Gain Memory : 20.42  

Time: cpu = 00:00:00 ; elapsed : 00:00:00 . Memory (MB): peak = 111.44 ; gain = 20.42 

Total conns with timing constraints =        0
Phase 3 Dedicated Net and Clock Routing Complete: Time (s) - CPU Time : 0.33, Real Time : 0.32  |   Memory (MB) - Peak Memory : 111.44, Gain Memory : 15.91  

Time: cpu = 00:00:00 ; elapsed : 00:00:00 . Memory (MB): peak = 111.44 ; gain = 15.91 

Phase 4 Pre-Detailed Routing 
Phase 4 Pre-Detailed Routing Complete: Time (s) - CPU Time : 0.00, Real Time : 0.00  |   Memory (MB) - Peak Memory : 111.44, Gain Memory : 20.07  

Time: cpu = 00:00:00 ; elapsed : 00:00:00 . Memory (MB): peak = 111.44 ; gain = 20.07 

Phase 5 Detailed Routing 
    TimerIf::skewscore 0
Phase 5.1 Initial Detailed Routing 

Start NBR section for initial routing at 07:25:32 09/15/26
Level 4, iteration 1
+++++++++++++++++++++++++++++++++++++++++++++++++++++++++++++++++++
Routing in Serial Mode ......
+++++++++++++++++++++++++++++++++++++++++++++++++++++++++++++++++++
2(0.00%) conflicts; 0(0.00%) untouched conn; 0 (nbr) score; 
Estimated worst slack/total negative slack<setup>: 7.641ns/0.000ns; real time: 0 secs 

Info: Initial congestion level at 75.00% usage is 0
Info: Initial congestion area  at 75.00% usage is 0 (0.00%)
Phase 5.1 Initial Detailed Routing Complete: Time (s) - CPU Time : 0.25, Real Time : 0.25  |   Memory (MB) - Peak Memory : 117.93, Gain Memory : 26.55  

Time: cpu = 00:00:01 ; elapsed : 00:00:01 . Memory (MB): peak = 117.93 ; gain = 26.55 

Phase 5.2 Rip-Up and Route 

Start NBR section for normal routing at 07:25:32 09/15/26
Level 4, iteration 1
0(0.00%) conflict; 0(0.00%) untouched conn; 0 (nbr) score; 
Estimated worst slack/total negative slack<setup>: 7.641ns/0.000ns; real time: 0 secs 
Phase 5.2 Rip-Up and Route Complete: Time (s) - CPU Time : 0.00, Real Time : 0.00  |   Memory (MB) - Peak Memory : 117.94, Gain Memory : 0.01  

Time: cpu = 00:00:01 ; elapsed : 00:00:01 . Memory (MB): peak = 117.94 ; gain = 0.01 

Phase 5.3 Rip-Up and Reroute for setup timing improvement 
Phase 5.3 Rip-Up and Reroute for setup timing improvement Complete: Time (s) - CPU Time : 0.00, Real Time : 0.00  |   Memory (MB) - Peak Memory : 117.94, Gain Memory : 0.00  

Time: cpu = 00:00:01 ; elapsed : 00:00:01 . Memory (MB): peak = 117.94 ; gain = 0.00 

Phase 5.4 Rip-Up and Reroute for hold timing fix 

Start NBR section for setup/hold timing optimization with effort level 3 at 07:25:32 09/15/26
Changing speed to m;   changing temperature to -40
Changing speed to 6;   changing temperature to 100
Phase 5.4 Rip-Up and Reroute for hold timing fix Complete: Time (s) - CPU Time : 0.14, Real Time : 0.13  |   Memory (MB) - Peak Memory : 125.23, Gain Memory : 7.29  

Time: cpu = 00:00:01 ; elapsed : 00:00:01 . Memory (MB): peak = 125.23 ; gain = 7.29 

Phase 5.5 TNS CleanUp 

Start NBR section for post-routing at 07:25:32 09/15/26
Phase 5.5 TNS CleanUp Complete: Time (s) - CPU Time : 0.00, Real Time : 0.00  |   Memory (MB) - Peak Memory : 125.23, Gain Memory : 1.74  

Time: cpu = 00:00:01 ; elapsed : 00:00:01 . Memory (MB): peak = 125.23 ; gain = 1.74 

Phase 5.6 Detail Routing Finalization 

End NBR router with 0 unrouted connection(s)
Changing speed to m;   changing temperature to -40
Changing speed to 6;   changing temperature to 100

Checksum -- route: 40ef18154a2dd36e508d71d19303d66a99f19477
Phase 5.6 Detail Routing Finalization Complete: Time (s) - CPU Time : 0.19, Real Time : 0.20  |   Memory (MB) - Peak Memory : 125.23, Gain Memory : 1.74  

Time: cpu = 00:00:01 ; elapsed : 00:00:01 . Memory (MB): peak = 125.23 ; gain = 1.74 


Phase 5 Detailed Routing Complete: Time (s) - CPU Time : 0.58, Real Time : 0.59  |   Memory (MB) - Peak Memory : 125.23, Gain Memory : 33.86  

Time: cpu = 00:00:01 ; elapsed : 00:00:01 . Memory (MB): peak = 125.23 ; gain = 33.86 

Phase 6 Router Finalization 
Total Router CPU time 0 secs , REAL time: 0 secs 
Completely routed.
End of route.  174 routed (100.00%); 0 unrouted.
Phase 6 Router Finalization Complete: Time (s) - CPU Time : 0.00, Real Time : 0.00  |   Memory (MB) - Peak Memory : 125.23, Gain Memory : 1.72  

Time: cpu = 00:00:01 ; elapsed : 00:00:01 . Memory (MB): peak = 125.23 ; gain = 1.72 

Ending Route Design : Time (s) - CPU Time : 1.00, Real Time : 0.99  |   Memory (MB) - Peak Memory : 125.23, Gain Memory : 48.48  

Time: cpu = 00:00:01 ; elapsed : 00:00:01 . Memory (MB): peak = 125.23 ; gain = 48.48 


 Phase Summary Table: 	
+--------------------------------------------------------+-------------+--------------+-----------------+----------------+
| Phase Name                                             | CPU Time(s) | Wall Time(s) | Peak Memory(MB) | Memory Gain(MB)|
+--------------------------------------------------------+-------------+--------------+-----------------+----------------+
| Phase 1 Build Route Design                             | 0.03        |         0.03 |           97.23 |          20.43 |
| Phase 2 Design Checks and Routing Setup                | 0.00        |         0.00 |           97.23 |           1.70 |
| Phase 3 Dedicated Net and Clock Routing                | 0.33        |         0.32 |          111.44 |          15.91 |
| Phase 3.1 Routing User Constraints                     | 0.28        |         0.28 |          111.44 |          15.91 |
| Phase 3.2 Dedicated Routing                            | 0.00        |         0.00 |          111.44 |          15.67 |
| Phase 3.3 Clock Net Routing                            | 0.00        |         0.00 |          111.44 |          20.47 |
| Phase 3.4 Dedicated Net and Clock Routing Finalization | 0.00        |         0.00 |          111.44 |          20.42 |
| Phase 4 Pre-Detailed Routing                           | 0.00        |         0.00 |          111.44 |          20.07 |
| Phase 5 Detailed Routing                               | 0.58        |         0.59 |          125.23 |          33.86 |
| Phase 5.1 Initial Detailed Routing                     | 0.25        |         0.25 |          117.93 |          26.55 |
| Phase 5.2 Rip-Up and Route                             | 0.00        |         0.00 |          117.94 |           0.01 |
| Phase 5.3 Rip-Up and Reroute for setup timing improve* | 0.00        |         0.00 |          117.94 |           0.00 |
| Phase 5.4 Rip-Up and Reroute for hold timing fix       | 0.14        |         0.13 |          125.23 |           7.29 |
| Phase 5.5 TNS CleanUp                                  | 0.00        |         0.00 |          125.23 |           1.74 |
| Phase 5.6 Detail Routing Finalization                  | 0.19        |         0.20 |          125.23 |           1.74 |
| Phase 6 Router Finalization                            | 0.00        |         0.00 |          125.23 |           1.72 |
+--------------------------------------------------------+-------------+--------------+-----------------+----------------+

Writing design to file lab2_JI_impl_1_par.dir/5_1.udb ...


PAR_SUMMARY::Run status = Completed
PAR_SUMMARY::Number of unrouted conns = 0
PAR_SUMMARY::Estimated worst slack<setup/<ns>> = 8.346
PAR_SUMMARY::Timing score<setup/<ns>> = 0.000
PAR_SUMMARY::Estimated worst slack<hold/<ns>> = 1.913
PAR_SUMMARY::Timing score<hold/<ns>> = 0.000
PAR_SUMMARY::Number of errors = 0

Note: user must run 'timing' for timing closure signoff.

Total CPU  Time: 4 secs 
Total REAL Time: 5 secs 
Peak Memory Usage: 125.23 MB


par done!

Copyright (c) 1991-1994 by NeoCAD Inc. All rights reserved.
Copyright (c) 1995 AT&T Corp.   All rights reserved.
Copyright (c) 1995-2001 Lucent Technologies Inc.  All rights reserved.
Copyright (c) 2001 Agere Systems   All rights reserved.
Copyright (c) 2002-2026 Lattice Semiconductor Corporation,  All rights reserved.
**** CMD par_run - CPU/Elapsed: 0 secs / 5 secs , MEM/Increased: 59.617 Mb/ 0.209 Mb, DATE: 07:25:33 09/15/26
Thank you for using Radiant. Total CPU/Elapsed time: 0 secs /5 secs 

timing -sethld -v 10 -u 10 -endpoints 10 -nperend 1 -sp High-Performance_1.2V -hsp m   -pwrprd -html -rpt "lab2_JI_impl_1.twr" "lab2_JI_impl_1.udb" 
timing -sethld -v 10 -u 10 -endpoints 10 -nperend 1 -sp High-Performance_1.2V -hsp m -pwrprd -html -rpt lab2_JI_impl_1.twr lab2_JI_impl_1.udb -gui -msgset C:/Users/jikehara/my_designs/lab2_JI/promote.xml
Starting design reading...
Loading device for application GENERIC from file 'itpa08.nph' in environment: C:/lscc/radiant/2026.1/ispfpga.
Package Status:                     Preliminary    Version 1.5.
Performance Hardware Data Status:   Advanced       Version 1.0.
Loading udb::Database ...
Design:  lab2_top
Family:  iCE40UP
Device:  iCE40UP5K
Package: SG48
Performance Grade:   High-Performance_1.2V



Successfully loading udb, 0.03 seconds

Initializing timer
Starting design annotation....

Starting full timing analysis...
Performance Hardware Data Status:   Advanced       Version 1.0.
Connections ignored  9  counted  166  covered  92
Changing speed to m;   changing temperature to -40

STA Runtime and Peak Memory Usage :
Total CPU Time: 0 secs 
Total REAL Time: 0 secs 
Peak Memory Usage: 99 MB

 0.561802s wall, 0.468750s user + 0.093750s system = 0.562500s CPU (100.1%)


tmcheck -par "lab2_JI_impl_1.par"  

pnmainc -log pnmain "lab2_JI_impl_1_bit.tcl"
Loading lab2_JI_impl_1.udb ...
Loading device for application GENERIC from file 'itpa08.nph' in environment: C:/lscc/radiant/2026.1/ispfpga.
Package Status:                     Preliminary    Version 1.5.
Successfully read the udb in 0.00 s.

Performance Hardware Data Status:   Advanced       Version 1.0.



Design:  lab2_top
Family:  iCE40UP
Device:  iCE40UP5K
Package: SG48
Performance Grade:   High-Performance_1.2V

Constraint Summary
   Total number of constraints: 19
   Total number of constraints dropped: 0

Successfully loaded device info and constraints in 0.00 s.

Successfully loading design udb and device data from disks and to up-layer in CPU time: 0 secs , REAL time: 0 secs 



BITGEN: Bitstream Generator Radiant Software (64-bit) 2026.1.0.37.0
Copyright (c) 1991-1994 by NeoCAD Inc. All rights reserved.
Copyright (c) 1995 AT&T Corp.   All rights reserved.
Copyright (c) 1995-2001 Lucent Technologies Inc.  All rights reserved.
Copyright (c) 2001 Agere Systems   All rights reserved.
Copyright (c) 2002-2026 Lattice Semiconductor Corporation,  All rights reserved.


Running DRC.
DRC detected 0 errors and 0 warnings.

Preference Summary:
+---------------------------------+---------------------------------+
|  Preference                     |  Current Setting                |
+---------------------------------+---------------------------------+
 *  Default setting.
 ** The specified setting matches the default setting.


Creating bit map...
Saving bit stream in "C:/Users/jikehara/my_designs/lab2_JI/impl_1/lab2_JI_impl_1.bin".
Bitstream generation complete!

Total CPU Time: 0 secs 
Total REAL Time: 4 secs 
Peak Memory Usage: 117 MB

**** CMD bit_generate - CPU/Elapsed: 0 secs / 4 secs , MEM/Increased: 59.646 Mb/ 0.229 Mb, DATE: 07:25:40 09/15/26
Thank you for using Radiant. Total CPU/Elapsed time: 0 secs /4 secs 
