
                         Lattice Mapping Report File

Design:  lab2_top
Family:  iCE40UP
Device:  iCE40UP5K
Package: SG48
Performance Grade:  High-Performance_1.2V

Mapper:    version Radiant Software (64-bit) 2026.1.0.37.0
Mapped on: Tue Sep 15 07:25:23 2026

Design Information
------------------

Command line:   map -pdc
     C:/Users/jikehara/my_designs/lab2_JI/lab2_JI_pin_assign_dual_display.pdc -i
     lab2_JI_impl_1_syn.udb -o lab2_JI_impl_1_map.udb -mp lab2_JI_impl_1.mrp
     -hierrpt -gui -msgset C:/Users/jikehara/my_designs/lab2_JI/promote.xml

Design Summary
--------------

   Number of slice registers:  16 out of  5280 (<1%)
   Number of I/O registers:      0 out of   117 (0%)
   Number of LUT4s:            40 out of  5280 (1%)
      Number of logic LUT4s:              22
      Number of ripple logic:              9 (18 LUT4s)
   Number of IO sites used:   18 out of 39 (46%)
      Number of IO sites used for general PIO: 18
      Number of IO sites used for I3C: 0 out of 2 (0%)
      (note: If I3C is not used, its site can be used as general PIO)
      Number of IO sites used for PIO+I3C: 18 out of 36 (50%)
      Number of IO sites used for OD+RGB IO buffers: 0 out of 3 (0%)
      (note: If RGB LED drivers are not used, sites can be used as OD outputs,
       see TN1288 iCE40 LED Driver Usage Guide)
      Number of IO sites used for PIO+I3C+OD+RGB: 18 out of 39 (46%)
   Number of DSPs:             0 out of 8 (0%)
   Number of I2Cs:             0 out of 2 (0%)
   Number of High Speed OSCs:  1 out of 1 (100%)
   Number of Low Speed OSCs:   0 out of 1 (0%)
   Number of RGB PWM:          0 out of 1 (0%)
   Number of RGB Drivers:      0 out of 1 (0%)
   Number of SCL FILTERs:      0 out of 2 (0%)
   Number of SRAMs:            0 out of 4 (0%)
   Number of WARMBOOTs:        0 out of 1 (0%)
   Number of SPIs:             0 out of 2 (0%)
   Number of EBRs:             0 out of 30 (0%)
   Number of PLLs:             0 out of 1 (0%)
   Number of Clocks:  1
      Net int_osc: 9 loads, 9 rising, 0 falling (Driver: Pin hf_osc/CLKHF)
   Number of Clock Enables:  1
      Net VCC_net: 1 loads, 0 SLICEs
   Number of LSRs:  1
      Net mux.mux_counter.n21: 9 loads, 9 SLICEs
   Top 10 highest fanout non-clock nets:
      Net mux.mux_counter.n21: 9 loads
      Net selected_hex[0]: 7 loads
      Net selected_hex[1]: 7 loads
      Net selected_hex[2]: 7 loads
      Net selected_hex[3]: 7 loads
      Net anode_left_c: 5 loads

                                    Page 1





Design Summary (cont)
---------------------
      Net mux.count[13]: 4 loads
      Net mux.count[14]: 4 loads
      Net mux.count[15]: 4 loads
      Net mux.count[6]: 3 loads





   Number of warnings:  0
   Number of criticals: 0
   Number of errors:    0

Design Errors/Criticals/Warnings
--------------------------------

   No error, critical, or warning presents.

IO (PIO) Attributes
-------------------

+---------------------+-----------+-----------+-------+-------+-----------+
| IO Name             | Direction | Levelmode |  IO   |  IO   | Special   |
|                     |           |  IO_TYPE  |  REG  |  DDR  | IO Buffer |
+---------------------+-----------+-----------+-------+-------+-----------+
| reset               | INPUT     |           |       |       |           |
+---------------------+-----------+-----------+-------+-------+-----------+
| hex_left[3]         | INPUT     |           |       |       |           |
+---------------------+-----------+-----------+-------+-------+-----------+
| hex_left[2]         | INPUT     |           |       |       |           |
+---------------------+-----------+-----------+-------+-------+-----------+
| hex_left[1]         | INPUT     |           |       |       |           |
+---------------------+-----------+-----------+-------+-------+-----------+
| hex_left[0]         | INPUT     |           |       |       |           |
+---------------------+-----------+-----------+-------+-------+-----------+
| hex_right[3]        | INPUT     |           |       |       |           |
+---------------------+-----------+-----------+-------+-------+-----------+
| hex_right[2]        | INPUT     |           |       |       |           |
+---------------------+-----------+-----------+-------+-------+-----------+
| hex_right[1]        | INPUT     |           |       |       |           |
+---------------------+-----------+-----------+-------+-------+-----------+
| hex_right[0]        | INPUT     |           |       |       |           |
+---------------------+-----------+-----------+-------+-------+-----------+
| seg[6]              | OUTPUT    |           |       |       |           |
+---------------------+-----------+-----------+-------+-------+-----------+
| seg[5]              | OUTPUT    |           |       |       |           |
+---------------------+-----------+-----------+-------+-------+-----------+
| seg[4]              | OUTPUT    |           |       |       |           |
+---------------------+-----------+-----------+-------+-------+-----------+
| seg[3]              | OUTPUT    |           |       |       |           |
+---------------------+-----------+-----------+-------+-------+-----------+
| seg[2]              | OUTPUT    |           |       |       |           |
+---------------------+-----------+-----------+-------+-------+-----------+
| seg[1]              | OUTPUT    |           |       |       |           |
+---------------------+-----------+-----------+-------+-------+-----------+
| seg[0]              | OUTPUT    |           |       |       |           |
+---------------------+-----------+-----------+-------+-------+-----------+
| anode_left          | OUTPUT    |           |       |       |           |

                                    Page 2





IO (PIO) Attributes (cont)
--------------------------
+---------------------+-----------+-----------+-------+-------+-----------+
| anode_right         | OUTPUT    |           |       |       |           |
+---------------------+-----------+-----------+-------+-------+-----------+

Removed logic
-------------

Block i1 was optimized away.

OSC Summary
-----------

OSC 1:                                 Pin/Node Value
  OSC Instance Name:                            hf_osc
  Power UP:                            NODE     VCC_net
  Enable Signal:                       NODE     VCC_net
  OSC Output:                          NODE     int_osc
  DIV Setting:                                  00

ASIC Components
---------------

Instance Name: hf_osc
         Type: HFOSC

Constraint Summary
------------------

   Total number of constraints: 29
   Total number of constraints dropped: 0

Run Time and Memory Usage
-------------------------

   Total CPU Time: 0 secs
   Total REAL Time: 0 secs
   Peak Memory Usage: 65 MB
Checksum -- map: b4e228e6a22a1a6f739b029253066e1ac42090c




















                                    Page 3


Copyright (c) 1991-1994 by NeoCAD Inc. All rights reserved.
Copyright (c) 1995
     AT&T Corp.   All rights reserved.
Copyright (c) 1995-2001 Lucent
     Technologies Inc.  All rights reserved.
Copyright (c) 2001 Agere Systems
     All rights reserved.
Copyright (c) 2002-2026 Lattice Semiconductor
     Corporation,  All rights reserved.
