Lattice Timing Report -  Setup  and Hold, Version Radiant Software (64-bit) 2026.1.0.37.0

Tue Sep 15 07:25:33 2026

Copyright (c) 1991-1994 by NeoCAD Inc. All rights reserved.
Copyright (c) 1995 AT&T Corp.   All rights reserved.
Copyright (c) 1995-2001 Lucent Technologies Inc.  All rights reserved.
Copyright (c) 2001 Agere Systems   All rights reserved.
Copyright (c) 2002-2026 Lattice Semiconductor Corporation,  All rights reserved.

Command line:    timing -sethld -v 10 -u 10 -endpoints 10 -nperend 1 -sp High-Performance_1.2V -hsp m -pwrprd -html -rpt lab2_JI_impl_1.twr lab2_JI_impl_1.udb -gui -msgset C:/Users/jikehara/my_designs/lab2_JI/promote.xml

-----------------------------------------
Design:          lab2_top
Family:          iCE40UP
Device:          iCE40UP5K
Package:         SG48
Performance:     High-Performance_1.2V
Package Status:                     Preliminary    Version 1.5
**Performance Hardware Data Status :   Advanced Version 1.0
-----------------------------------------


=====================================================================
                    Table of Contents
=====================================================================
    1  Timing Overview
        1.1  SDC Constraints
        1.2  Constraint Coverage
        1.3  Overall Summary
        1.4  Unconstrained Report
        1.5  Combinational Loop
    2  Setup at Speed Grade High-Performance_1.2V Corner at 100 Degrees
        2.1  Clock Summary
        2.2  Endpoint slacks
        2.3  Detailed Report
    3  Hold at Speed Grade m Corner at -40 Degrees
        3.1  Endpoint slacks
        3.2  Detailed Report

=====================================================================
                    End of Table of Contents
=====================================================================

==============================================
1  Timing Overview
==============================================

1.1  SDC Constraints
=====================
create_clock -name {int_osc} -period 20.8333 [get_pins {hf_osc/CLKHF }] 

1.2  Constraint Coverage
---------------------------
Constraint Coverage: 55.4217%


1.3  Overall Summary
---------------------------
 Setup at Speed Grade High-Performance_1.2V Corner at 100 Degrees     Timing Errors: 0 endpoints;  Total Negative Slack: 0.000 ns 
 Hold at Speed Grade m Corner at -40 Degrees                          Timing Errors: 0 endpoints;  Total Negative Slack: 0.000 ns 

1.4  Unconstrained Report
===========================

1.4.1  Unconstrained Start/End Points
--------------------------------------

Clocked but unconstrained timing start points
--------------------------------------------------
There is no start point satisfying reporting criteria


Clocked but unconstrained timing end points
--------------------------------------------------
There is no end point satisfying reporting criteria


1.4.2  Start/End Points Without Timing Constraints
---------------------------------------------------

I/O ports without constraint
----------------------------
Possible constraints to use on I/O ports are:
set_input_delay,
set_output_delay,
set_max_delay,
create_clock,
create_generated_clock,
...

-------------------------------------------------------------------
     Listing 10 Start or End Points     |           Type           
-------------------------------------------------------------------
reset                                   |                     input
hex_left[3]                             |                     input
hex_left[2]                             |                     input
hex_left[1]                             |                     input
hex_left[0]                             |                     input
hex_right[3]                            |                     input
hex_right[2]                            |                     input
hex_right[1]                            |                     input
hex_right[0]                            |                     input
seg[6]                                  |                    output
-------------------------------------------------------------------
                                        |                          
Number of I/O ports without constraint  |                        18
                                        |                          
-------------------------------------------------------------------

Nets without clock definition
Define a clock on a top level port or a generated clock on a clock divider pin associated with this net(s).
--------------------------------------------------
There is no instance satisfying reporting criteria



1.5  Combinational Loop
========================
None

===============================================================
2  Setup at Speed Grade High-Performance_1.2V Corner at 100 Degrees
===============================================================

2.1  Clock Summary
=======================

2.1.1 Clock "int_osc"
=======================
create_clock -name {int_osc} -period 20.8333 [get_pins {hf_osc/CLKHF }] 

Single Clock Domain
-------------------------------------------------------------------------------------------------------
             Clock int_osc              |                    |       Period       |     Frequency      
-------------------------------------------------------------------------------------------------------
 From int_osc                           |             Target |          20.833 ns |         48.000 MHz 
                                        | Actual (all paths) |          20.792 ns |         48.095 MHz 
hf_osc/CLKHF (MPW)                      |   (50% duty cycle) |          20.792 ns |         48.095 MHz 
-------------------------------------------------------------------------------------------------------

Clock Domain Crossing

2.2  Endpoint slacks
=======================
-------------------------------------------------------
          Listing 10 End Points          |    Slack    
-------------------------------------------------------
mux/mux_counter/count_37__i15/SR         |    7.641 ns 
{mux/mux_counter/count_37__i3/SR   mux/mux_counter/count_37__i4/SR}              
                                         |    8.183 ns 
{mux/mux_counter/count_37__i5/SR   mux/mux_counter/count_37__i6/SR}              
                                         |    8.183 ns 
mux/mux_counter/count_37__i0/SR          |    8.183 ns 
{mux/mux_counter/count_37__i1/SR   mux/mux_counter/count_37__i2/SR}              
                                         |    8.183 ns 
{mux/mux_counter/count_37__i7/SR   mux/mux_counter/count_37__i8/SR}              
                                         |    8.223 ns 
{mux/mux_counter/count_37__i9/SR   mux/mux_counter/count_37__i10/SR}              
                                         |    8.223 ns 
{mux/mux_counter/count_37__i11/SR   mux/mux_counter/count_37__i12/SR}              
                                         |    8.223 ns 
{mux/mux_counter/count_37__i13/SR   mux/mux_counter/count_37__i14/SR}              
                                         |    8.223 ns 
mux/mux_counter/count_37__i15/D          |   10.757 ns 
-------------------------------------------------------
                                         |             
Setup # of endpoints with negative slack:|           0 
                                         |             
-------------------------------------------------------

2.3  Detailed Report
=======================


XXXXXXXXXXXXXXXXXXXXXXXXXXXXXXXXXXXXXXXXXXXXXXXXXXXXXXXXXX

Detail report of critical paths

XXXXXXXXXXXXXXXXXXXXXXXXXXXXXXXXXXXXXXXXXXXXXXXXXXXXXXXXXX

+++++++++++++++++++++++++++++++++++++++++++++++++++++++++++++++++++++ 
                    Detailed Report for timing paths 
+++++++++++++++++++++++++++++++++++++++++++++++++++++++++++++++++++++ 

++++ Path 1 ++++++++++++++++++++++++++++++++++++++++++++++++++++++++++ 

Path Begin       : mux/mux_counter/count_37__i15/Q  (SLICE_R14C5A)
Path End         : mux/mux_counter/count_37__i15/SR  (SLICE_R14C5A)
Source Clock     : int_osc (R)
Destination Clock: int_osc (R)
Logic Level      : 4
Delay Ratio      : 78.2% (route), 21.8% (logic)
Clock Skew       : 0.000 ns 
Setup Constraint : 20.833 ns 
Path Slack       : 7.641 ns  (Passed)


Source Clock Path
Name                                      Cell/Site Name     Delay Name       Incr      Arrival/Required Time  Fanout  
----------------------------------------  -----------------  ---------------  --------  ---------------------  ------  
hf_osc/CLKHF                              HFOSC_HFOSC_R1C32  CLOCK LATENCY       0.000                  0.000  10      
mux/mux_counter/int_osc                                      NET DELAY           5.499                  5.499  10      
mux/mux_counter/count_37__i15/CK                             CLOCK PIN           0.000                  5.499  1       


Data Path
Name                                      Cell/Site Name     Delay Name       Incr      Arrival/Required Time  Fanout  
----------------------------------------  -----------------  ---------------  --------  ---------------------  ------  
mux/mux_counter/count_37__i15/CK->mux/mux_counter/count_37__i15/Q
                                          SLICE_R14C5A       CLK_TO_Q0_DELAY     1.388                  6.887  4       
mux/mux_counter/count[15]                                    NET DELAY           3.252                 10.139  4       
mux/mux_counter/i652_4_lut/A->mux/mux_counter/i652_4_lut/Z
                                          SLICE_R15C3D       A0_TO_F0_DELAY      0.449                 10.588  1       
mux/mux_counter/n701                                         NET DELAY           2.551                 13.139  1       
mux/mux_counter/i2_4_lut/C->mux/mux_counter/i2_4_lut/Z
                                          SLICE_R15C4B       A0_TO_F0_DELAY      0.476                 13.615  1       
mux/mux_counter/n6                                           NET DELAY           0.304                 13.919  1       
mux/mux_counter/i745_4_lut/C->mux/mux_counter/i745_4_lut/Z
                                          SLICE_R15C4B       C1_TO_F1_DELAY      0.449                 14.368  9       
mux/mux_counter/n21                                          NET DELAY           3.794                 18.162  9       
mux/mux_counter/count_37__i15/SR                             ENDPOINT            0.000                 18.162  1       


Destination Clock Path
Name                                      Cell/Site Name     Delay Name       Incr      Arrival/Required Time  Fanout  
----------------------------------------  -----------------  ---------------  --------  ---------------------  ------  
                                                             CONSTRAINT          0.000                 20.833  1       
hf_osc/CLKHF                              HFOSC_HFOSC_R1C32  CLOCK LATENCY       0.000                 20.833  10      
mux/mux_counter/int_osc                                      NET DELAY           5.499                 26.332  10      
mux/mux_counter/count_37__i15/CK                             CLOCK PIN           0.000                 26.332  1       
                                                             Uncertainty      -(0.000)                 26.332  
                                                             Setup time       -(0.529)                 25.803  
----------------------------------------  -----------------  ---------------  --------  ---------------------  ------  
Required Time                                                                                          25.803  
Arrival Time                                                                                        -(18.161)  
----------------------------------------  -----------------  ---------------  --------  ---------------------  ------  
Path Slack  (Passed)                                                                                    7.641  




++++ Path 2 ++++++++++++++++++++++++++++++++++++++++++++++++++++++++++ 

Path Begin       : mux/mux_counter/count_37__i15/Q  (SLICE_R14C5A)
Path End         : {mux/mux_counter/count_37__i3/SR   mux/mux_counter/count_37__i4/SR}  (SLICE_R14C3C)
Source Clock     : int_osc (R)
Destination Clock: int_osc (R)
Logic Level      : 4
Delay Ratio      : 77.2% (route), 22.8% (logic)
Clock Skew       : 0.000 ns 
Setup Constraint : 20.833 ns 
Path Slack       : 8.183 ns  (Passed)


Source Clock Path
Name                                      Cell/Site Name     Delay Name       Incr      Arrival/Required Time  Fanout  
----------------------------------------  -----------------  ---------------  --------  ---------------------  ------  
hf_osc/CLKHF                              HFOSC_HFOSC_R1C32  CLOCK LATENCY       0.000                  0.000  10      
mux/mux_counter/int_osc                                      NET DELAY           5.499                  5.499  10      
mux/mux_counter/count_37__i15/CK                             CLOCK PIN           0.000                  5.499  1       


Data Path
Name                                      Cell/Site Name     Delay Name       Incr      Arrival/Required Time  Fanout  
----------------------------------------  -----------------  ---------------  --------  ---------------------  ------  
mux/mux_counter/count_37__i15/CK->mux/mux_counter/count_37__i15/Q
                                          SLICE_R14C5A       CLK_TO_Q0_DELAY     1.388                  6.887  4       
mux/mux_counter/count[15]                                    NET DELAY           3.252                 10.139  4       
mux/mux_counter/i652_4_lut/A->mux/mux_counter/i652_4_lut/Z
                                          SLICE_R15C3D       A0_TO_F0_DELAY      0.449                 10.588  1       
mux/mux_counter/n701                                         NET DELAY           2.551                 13.139  1       
mux/mux_counter/i2_4_lut/C->mux/mux_counter/i2_4_lut/Z
                                          SLICE_R15C4B       A0_TO_F0_DELAY      0.476                 13.615  1       
mux/mux_counter/n6                                           NET DELAY           0.304                 13.919  1       
mux/mux_counter/i745_4_lut/C->mux/mux_counter/i745_4_lut/Z
                                          SLICE_R15C4B       C1_TO_F1_DELAY      0.449                 14.368  9       
mux/mux_counter/n21                                          NET DELAY           3.252                 17.620  9       
{mux/mux_counter/count_37__i3/SR   mux/mux_counter/count_37__i4/SR}
                                                             ENDPOINT            0.000                 17.620  1       


Destination Clock Path
Name                                      Cell/Site Name     Delay Name       Incr      Arrival/Required Time  Fanout  
----------------------------------------  -----------------  ---------------  --------  ---------------------  ------  
                                                             CONSTRAINT          0.000                 20.833  1       
hf_osc/CLKHF                              HFOSC_HFOSC_R1C32  CLOCK LATENCY       0.000                 20.833  10      
mux/mux_counter/int_osc                                      NET DELAY           5.499                 26.332  10      
{mux/mux_counter/count_37__i3/CK   mux/mux_counter/count_37__i4/CK}
                                                             CLOCK PIN           0.000                 26.332  1       
                                                             Uncertainty      -(0.000)                 26.332  
                                                             Setup time       -(0.529)                 25.803  
----------------------------------------  -----------------  ---------------  --------  ---------------------  ------  
Required Time                                                                                          25.803  
Arrival Time                                                                                        -(17.619)  
----------------------------------------  -----------------  ---------------  --------  ---------------------  ------  
Path Slack  (Passed)                                                                                    8.183  




++++ Path 3 ++++++++++++++++++++++++++++++++++++++++++++++++++++++++++ 

Path Begin       : mux/mux_counter/count_37__i15/Q  (SLICE_R14C5A)
Path End         : {mux/mux_counter/count_37__i5/SR   mux/mux_counter/count_37__i6/SR}  (SLICE_R14C3D)
Source Clock     : int_osc (R)
Destination Clock: int_osc (R)
Logic Level      : 4
Delay Ratio      : 77.2% (route), 22.8% (logic)
Clock Skew       : 0.000 ns 
Setup Constraint : 20.833 ns 
Path Slack       : 8.183 ns  (Passed)


Source Clock Path
Name                                      Cell/Site Name     Delay Name       Incr      Arrival/Required Time  Fanout  
----------------------------------------  -----------------  ---------------  --------  ---------------------  ------  
hf_osc/CLKHF                              HFOSC_HFOSC_R1C32  CLOCK LATENCY       0.000                  0.000  10      
mux/mux_counter/int_osc                                      NET DELAY           5.499                  5.499  10      
mux/mux_counter/count_37__i15/CK                             CLOCK PIN           0.000                  5.499  1       


Data Path
Name                                      Cell/Site Name     Delay Name       Incr      Arrival/Required Time  Fanout  
----------------------------------------  -----------------  ---------------  --------  ---------------------  ------  
mux/mux_counter/count_37__i15/CK->mux/mux_counter/count_37__i15/Q
                                          SLICE_R14C5A       CLK_TO_Q0_DELAY     1.388                  6.887  4       
mux/mux_counter/count[15]                                    NET DELAY           3.252                 10.139  4       
mux/mux_counter/i652_4_lut/A->mux/mux_counter/i652_4_lut/Z
                                          SLICE_R15C3D       A0_TO_F0_DELAY      0.449                 10.588  1       
mux/mux_counter/n701                                         NET DELAY           2.551                 13.139  1       
mux/mux_counter/i2_4_lut/C->mux/mux_counter/i2_4_lut/Z
                                          SLICE_R15C4B       A0_TO_F0_DELAY      0.476                 13.615  1       
mux/mux_counter/n6                                           NET DELAY           0.304                 13.919  1       
mux/mux_counter/i745_4_lut/C->mux/mux_counter/i745_4_lut/Z
                                          SLICE_R15C4B       C1_TO_F1_DELAY      0.449                 14.368  9       
mux/mux_counter/n21                                          NET DELAY           3.252                 17.620  9       
{mux/mux_counter/count_37__i5/SR   mux/mux_counter/count_37__i6/SR}
                                                             ENDPOINT            0.000                 17.620  1       


Destination Clock Path
Name                                      Cell/Site Name     Delay Name       Incr      Arrival/Required Time  Fanout  
----------------------------------------  -----------------  ---------------  --------  ---------------------  ------  
                                                             CONSTRAINT          0.000                 20.833  1       
hf_osc/CLKHF                              HFOSC_HFOSC_R1C32  CLOCK LATENCY       0.000                 20.833  10      
mux/mux_counter/int_osc                                      NET DELAY           5.499                 26.332  10      
{mux/mux_counter/count_37__i5/CK   mux/mux_counter/count_37__i6/CK}
                                                             CLOCK PIN           0.000                 26.332  1       
                                                             Uncertainty      -(0.000)                 26.332  
                                                             Setup time       -(0.529)                 25.803  
----------------------------------------  -----------------  ---------------  --------  ---------------------  ------  
Required Time                                                                                          25.803  
Arrival Time                                                                                        -(17.619)  
----------------------------------------  -----------------  ---------------  --------  ---------------------  ------  
Path Slack  (Passed)                                                                                    8.183  




++++ Path 4 ++++++++++++++++++++++++++++++++++++++++++++++++++++++++++ 

Path Begin       : mux/mux_counter/count_37__i15/Q  (SLICE_R14C5A)
Path End         : mux/mux_counter/count_37__i0/SR  (SLICE_R14C3A)
Source Clock     : int_osc (R)
Destination Clock: int_osc (R)
Logic Level      : 4
Delay Ratio      : 77.2% (route), 22.8% (logic)
Clock Skew       : 0.000 ns 
Setup Constraint : 20.833 ns 
Path Slack       : 8.183 ns  (Passed)


Source Clock Path
Name                                      Cell/Site Name     Delay Name       Incr      Arrival/Required Time  Fanout  
----------------------------------------  -----------------  ---------------  --------  ---------------------  ------  
hf_osc/CLKHF                              HFOSC_HFOSC_R1C32  CLOCK LATENCY       0.000                  0.000  10      
mux/mux_counter/int_osc                                      NET DELAY           5.499                  5.499  10      
mux/mux_counter/count_37__i15/CK                             CLOCK PIN           0.000                  5.499  1       


Data Path
Name                                      Cell/Site Name     Delay Name       Incr      Arrival/Required Time  Fanout  
----------------------------------------  -----------------  ---------------  --------  ---------------------  ------  
mux/mux_counter/count_37__i15/CK->mux/mux_counter/count_37__i15/Q
                                          SLICE_R14C5A       CLK_TO_Q0_DELAY     1.388                  6.887  4       
mux/mux_counter/count[15]                                    NET DELAY           3.252                 10.139  4       
mux/mux_counter/i652_4_lut/A->mux/mux_counter/i652_4_lut/Z
                                          SLICE_R15C3D       A0_TO_F0_DELAY      0.449                 10.588  1       
mux/mux_counter/n701                                         NET DELAY           2.551                 13.139  1       
mux/mux_counter/i2_4_lut/C->mux/mux_counter/i2_4_lut/Z
                                          SLICE_R15C4B       A0_TO_F0_DELAY      0.476                 13.615  1       
mux/mux_counter/n6                                           NET DELAY           0.304                 13.919  1       
mux/mux_counter/i745_4_lut/C->mux/mux_counter/i745_4_lut/Z
                                          SLICE_R15C4B       C1_TO_F1_DELAY      0.449                 14.368  9       
mux/mux_counter/n21                                          NET DELAY           3.252                 17.620  9       
mux/mux_counter/count_37__i0/SR                              ENDPOINT            0.000                 17.620  1       


Destination Clock Path
Name                                      Cell/Site Name     Delay Name       Incr      Arrival/Required Time  Fanout  
----------------------------------------  -----------------  ---------------  --------  ---------------------  ------  
                                                             CONSTRAINT          0.000                 20.833  1       
hf_osc/CLKHF                              HFOSC_HFOSC_R1C32  CLOCK LATENCY       0.000                 20.833  10      
mux/mux_counter/int_osc                                      NET DELAY           5.499                 26.332  10      
mux/mux_counter/count_37__i0/CK                              CLOCK PIN           0.000                 26.332  1       
                                                             Uncertainty      -(0.000)                 26.332  
                                                             Setup time       -(0.529)                 25.803  
----------------------------------------  -----------------  ---------------  --------  ---------------------  ------  
Required Time                                                                                          25.803  
Arrival Time                                                                                        -(17.619)  
----------------------------------------  -----------------  ---------------  --------  ---------------------  ------  
Path Slack  (Passed)                                                                                    8.183  




++++ Path 5 ++++++++++++++++++++++++++++++++++++++++++++++++++++++++++ 

Path Begin       : mux/mux_counter/count_37__i15/Q  (SLICE_R14C5A)
Path End         : {mux/mux_counter/count_37__i1/SR   mux/mux_counter/count_37__i2/SR}  (SLICE_R14C3B)
Source Clock     : int_osc (R)
Destination Clock: int_osc (R)
Logic Level      : 4
Delay Ratio      : 77.2% (route), 22.8% (logic)
Clock Skew       : 0.000 ns 
Setup Constraint : 20.833 ns 
Path Slack       : 8.183 ns  (Passed)


Source Clock Path
Name                                      Cell/Site Name     Delay Name       Incr      Arrival/Required Time  Fanout  
----------------------------------------  -----------------  ---------------  --------  ---------------------  ------  
hf_osc/CLKHF                              HFOSC_HFOSC_R1C32  CLOCK LATENCY       0.000                  0.000  10      
mux/mux_counter/int_osc                                      NET DELAY           5.499                  5.499  10      
mux/mux_counter/count_37__i15/CK                             CLOCK PIN           0.000                  5.499  1       


Data Path
Name                                      Cell/Site Name     Delay Name       Incr      Arrival/Required Time  Fanout  
----------------------------------------  -----------------  ---------------  --------  ---------------------  ------  
mux/mux_counter/count_37__i15/CK->mux/mux_counter/count_37__i15/Q
                                          SLICE_R14C5A       CLK_TO_Q0_DELAY     1.388                  6.887  4       
mux/mux_counter/count[15]                                    NET DELAY           3.252                 10.139  4       
mux/mux_counter/i652_4_lut/A->mux/mux_counter/i652_4_lut/Z
                                          SLICE_R15C3D       A0_TO_F0_DELAY      0.449                 10.588  1       
mux/mux_counter/n701                                         NET DELAY           2.551                 13.139  1       
mux/mux_counter/i2_4_lut/C->mux/mux_counter/i2_4_lut/Z
                                          SLICE_R15C4B       A0_TO_F0_DELAY      0.476                 13.615  1       
mux/mux_counter/n6                                           NET DELAY           0.304                 13.919  1       
mux/mux_counter/i745_4_lut/C->mux/mux_counter/i745_4_lut/Z
                                          SLICE_R15C4B       C1_TO_F1_DELAY      0.449                 14.368  9       
mux/mux_counter/n21                                          NET DELAY           3.252                 17.620  9       
{mux/mux_counter/count_37__i1/SR   mux/mux_counter/count_37__i2/SR}
                                                             ENDPOINT            0.000                 17.620  1       


Destination Clock Path
Name                                      Cell/Site Name     Delay Name       Incr      Arrival/Required Time  Fanout  
----------------------------------------  -----------------  ---------------  --------  ---------------------  ------  
                                                             CONSTRAINT          0.000                 20.833  1       
hf_osc/CLKHF                              HFOSC_HFOSC_R1C32  CLOCK LATENCY       0.000                 20.833  10      
mux/mux_counter/int_osc                                      NET DELAY           5.499                 26.332  10      
{mux/mux_counter/count_37__i1/CK   mux/mux_counter/count_37__i2/CK}
                                                             CLOCK PIN           0.000                 26.332  1       
                                                             Uncertainty      -(0.000)                 26.332  
                                                             Setup time       -(0.529)                 25.803  
----------------------------------------  -----------------  ---------------  --------  ---------------------  ------  
Required Time                                                                                          25.803  
Arrival Time                                                                                        -(17.619)  
----------------------------------------  -----------------  ---------------  --------  ---------------------  ------  
Path Slack  (Passed)                                                                                    8.183  




++++ Path 6 ++++++++++++++++++++++++++++++++++++++++++++++++++++++++++ 

Path Begin       : mux/mux_counter/count_37__i15/Q  (SLICE_R14C5A)
Path End         : {mux/mux_counter/count_37__i7/SR   mux/mux_counter/count_37__i8/SR}  (SLICE_R14C4A)
Source Clock     : int_osc (R)
Destination Clock: int_osc (R)
Logic Level      : 4
Delay Ratio      : 77.1% (route), 22.9% (logic)
Clock Skew       : 0.000 ns 
Setup Constraint : 20.833 ns 
Path Slack       : 8.223 ns  (Passed)


Source Clock Path
Name                                      Cell/Site Name     Delay Name       Incr      Arrival/Required Time  Fanout  
----------------------------------------  -----------------  ---------------  --------  ---------------------  ------  
hf_osc/CLKHF                              HFOSC_HFOSC_R1C32  CLOCK LATENCY       0.000                  0.000  10      
mux/mux_counter/int_osc                                      NET DELAY           5.499                  5.499  10      
mux/mux_counter/count_37__i15/CK                             CLOCK PIN           0.000                  5.499  1       


Data Path
Name                                      Cell/Site Name     Delay Name       Incr      Arrival/Required Time  Fanout  
----------------------------------------  -----------------  ---------------  --------  ---------------------  ------  
mux/mux_counter/count_37__i15/CK->mux/mux_counter/count_37__i15/Q
                                          SLICE_R14C5A       CLK_TO_Q0_DELAY     1.388                  6.887  4       
mux/mux_counter/count[15]                                    NET DELAY           3.252                 10.139  4       
mux/mux_counter/i652_4_lut/A->mux/mux_counter/i652_4_lut/Z
                                          SLICE_R15C3D       A0_TO_F0_DELAY      0.449                 10.588  1       
mux/mux_counter/n701                                         NET DELAY           2.551                 13.139  1       
mux/mux_counter/i2_4_lut/C->mux/mux_counter/i2_4_lut/Z
                                          SLICE_R15C4B       A0_TO_F0_DELAY      0.476                 13.615  1       
mux/mux_counter/n6                                           NET DELAY           0.304                 13.919  1       
mux/mux_counter/i745_4_lut/C->mux/mux_counter/i745_4_lut/Z
                                          SLICE_R15C4B       C1_TO_F1_DELAY      0.449                 14.368  9       
mux/mux_counter/n21                                          NET DELAY           3.212                 17.580  9       
{mux/mux_counter/count_37__i7/SR   mux/mux_counter/count_37__i8/SR}
                                                             ENDPOINT            0.000                 17.580  1       


Destination Clock Path
Name                                      Cell/Site Name     Delay Name       Incr      Arrival/Required Time  Fanout  
----------------------------------------  -----------------  ---------------  --------  ---------------------  ------  
                                                             CONSTRAINT          0.000                 20.833  1       
hf_osc/CLKHF                              HFOSC_HFOSC_R1C32  CLOCK LATENCY       0.000                 20.833  10      
mux/mux_counter/int_osc                                      NET DELAY           5.499                 26.332  10      
{mux/mux_counter/count_37__i7/CK   mux/mux_counter/count_37__i8/CK}
                                                             CLOCK PIN           0.000                 26.332  1       
                                                             Uncertainty      -(0.000)                 26.332  
                                                             Setup time       -(0.529)                 25.803  
----------------------------------------  -----------------  ---------------  --------  ---------------------  ------  
Required Time                                                                                          25.803  
Arrival Time                                                                                        -(17.579)  
----------------------------------------  -----------------  ---------------  --------  ---------------------  ------  
Path Slack  (Passed)                                                                                    8.223  




++++ Path 7 ++++++++++++++++++++++++++++++++++++++++++++++++++++++++++ 

Path Begin       : mux/mux_counter/count_37__i15/Q  (SLICE_R14C5A)
Path End         : {mux/mux_counter/count_37__i9/SR   mux/mux_counter/count_37__i10/SR}  (SLICE_R14C4B)
Source Clock     : int_osc (R)
Destination Clock: int_osc (R)
Logic Level      : 4
Delay Ratio      : 77.1% (route), 22.9% (logic)
Clock Skew       : 0.000 ns 
Setup Constraint : 20.833 ns 
Path Slack       : 8.223 ns  (Passed)


Source Clock Path
Name                                      Cell/Site Name     Delay Name       Incr      Arrival/Required Time  Fanout  
----------------------------------------  -----------------  ---------------  --------  ---------------------  ------  
hf_osc/CLKHF                              HFOSC_HFOSC_R1C32  CLOCK LATENCY       0.000                  0.000  10      
mux/mux_counter/int_osc                                      NET DELAY           5.499                  5.499  10      
mux/mux_counter/count_37__i15/CK                             CLOCK PIN           0.000                  5.499  1       


Data Path
Name                                      Cell/Site Name     Delay Name       Incr      Arrival/Required Time  Fanout  
----------------------------------------  -----------------  ---------------  --------  ---------------------  ------  
mux/mux_counter/count_37__i15/CK->mux/mux_counter/count_37__i15/Q
                                          SLICE_R14C5A       CLK_TO_Q0_DELAY     1.388                  6.887  4       
mux/mux_counter/count[15]                                    NET DELAY           3.252                 10.139  4       
mux/mux_counter/i652_4_lut/A->mux/mux_counter/i652_4_lut/Z
                                          SLICE_R15C3D       A0_TO_F0_DELAY      0.449                 10.588  1       
mux/mux_counter/n701                                         NET DELAY           2.551                 13.139  1       
mux/mux_counter/i2_4_lut/C->mux/mux_counter/i2_4_lut/Z
                                          SLICE_R15C4B       A0_TO_F0_DELAY      0.476                 13.615  1       
mux/mux_counter/n6                                           NET DELAY           0.304                 13.919  1       
mux/mux_counter/i745_4_lut/C->mux/mux_counter/i745_4_lut/Z
                                          SLICE_R15C4B       C1_TO_F1_DELAY      0.449                 14.368  9       
mux/mux_counter/n21                                          NET DELAY           3.212                 17.580  9       
{mux/mux_counter/count_37__i9/SR   mux/mux_counter/count_37__i10/SR}
                                                             ENDPOINT            0.000                 17.580  1       


Destination Clock Path
Name                                      Cell/Site Name     Delay Name       Incr      Arrival/Required Time  Fanout  
----------------------------------------  -----------------  ---------------  --------  ---------------------  ------  
                                                             CONSTRAINT          0.000                 20.833  1       
hf_osc/CLKHF                              HFOSC_HFOSC_R1C32  CLOCK LATENCY       0.000                 20.833  10      
mux/mux_counter/int_osc                                      NET DELAY           5.499                 26.332  10      
{mux/mux_counter/count_37__i9/CK   mux/mux_counter/count_37__i10/CK}
                                                             CLOCK PIN           0.000                 26.332  1       
                                                             Uncertainty      -(0.000)                 26.332  
                                                             Setup time       -(0.529)                 25.803  
----------------------------------------  -----------------  ---------------  --------  ---------------------  ------  
Required Time                                                                                          25.803  
Arrival Time                                                                                        -(17.579)  
----------------------------------------  -----------------  ---------------  --------  ---------------------  ------  
Path Slack  (Passed)                                                                                    8.223  




++++ Path 8 ++++++++++++++++++++++++++++++++++++++++++++++++++++++++++ 

Path Begin       : mux/mux_counter/count_37__i15/Q  (SLICE_R14C5A)
Path End         : {mux/mux_counter/count_37__i11/SR   mux/mux_counter/count_37__i12/SR}  (SLICE_R14C4C)
Source Clock     : int_osc (R)
Destination Clock: int_osc (R)
Logic Level      : 4
Delay Ratio      : 77.1% (route), 22.9% (logic)
Clock Skew       : 0.000 ns 
Setup Constraint : 20.833 ns 
Path Slack       : 8.223 ns  (Passed)


Source Clock Path
Name                                      Cell/Site Name     Delay Name       Incr      Arrival/Required Time  Fanout  
----------------------------------------  -----------------  ---------------  --------  ---------------------  ------  
hf_osc/CLKHF                              HFOSC_HFOSC_R1C32  CLOCK LATENCY       0.000                  0.000  10      
mux/mux_counter/int_osc                                      NET DELAY           5.499                  5.499  10      
mux/mux_counter/count_37__i15/CK                             CLOCK PIN           0.000                  5.499  1       


Data Path
Name                                      Cell/Site Name     Delay Name       Incr      Arrival/Required Time  Fanout  
----------------------------------------  -----------------  ---------------  --------  ---------------------  ------  
mux/mux_counter/count_37__i15/CK->mux/mux_counter/count_37__i15/Q
                                          SLICE_R14C5A       CLK_TO_Q0_DELAY     1.388                  6.887  4       
mux/mux_counter/count[15]                                    NET DELAY           3.252                 10.139  4       
mux/mux_counter/i652_4_lut/A->mux/mux_counter/i652_4_lut/Z
                                          SLICE_R15C3D       A0_TO_F0_DELAY      0.449                 10.588  1       
mux/mux_counter/n701                                         NET DELAY           2.551                 13.139  1       
mux/mux_counter/i2_4_lut/C->mux/mux_counter/i2_4_lut/Z
                                          SLICE_R15C4B       A0_TO_F0_DELAY      0.476                 13.615  1       
mux/mux_counter/n6                                           NET DELAY           0.304                 13.919  1       
mux/mux_counter/i745_4_lut/C->mux/mux_counter/i745_4_lut/Z
                                          SLICE_R15C4B       C1_TO_F1_DELAY      0.449                 14.368  9       
mux/mux_counter/n21                                          NET DELAY           3.212                 17.580  9       
{mux/mux_counter/count_37__i11/SR   mux/mux_counter/count_37__i12/SR}
                                                             ENDPOINT            0.000                 17.580  1       


Destination Clock Path
Name                                      Cell/Site Name     Delay Name       Incr      Arrival/Required Time  Fanout  
----------------------------------------  -----------------  ---------------  --------  ---------------------  ------  
                                                             CONSTRAINT          0.000                 20.833  1       
hf_osc/CLKHF                              HFOSC_HFOSC_R1C32  CLOCK LATENCY       0.000                 20.833  10      
mux/mux_counter/int_osc                                      NET DELAY           5.499                 26.332  10      
{mux/mux_counter/count_37__i11/CK   mux/mux_counter/count_37__i12/CK}
                                                             CLOCK PIN           0.000                 26.332  1       
                                                             Uncertainty      -(0.000)                 26.332  
                                                             Setup time       -(0.529)                 25.803  
----------------------------------------  -----------------  ---------------  --------  ---------------------  ------  
Required Time                                                                                          25.803  
Arrival Time                                                                                        -(17.579)  
----------------------------------------  -----------------  ---------------  --------  ---------------------  ------  
Path Slack  (Passed)                                                                                    8.223  




++++ Path 9 ++++++++++++++++++++++++++++++++++++++++++++++++++++++++++ 

Path Begin       : mux/mux_counter/count_37__i15/Q  (SLICE_R14C5A)
Path End         : {mux/mux_counter/count_37__i13/SR   mux/mux_counter/count_37__i14/SR}  (SLICE_R14C4D)
Source Clock     : int_osc (R)
Destination Clock: int_osc (R)
Logic Level      : 4
Delay Ratio      : 77.1% (route), 22.9% (logic)
Clock Skew       : 0.000 ns 
Setup Constraint : 20.833 ns 
Path Slack       : 8.223 ns  (Passed)


Source Clock Path
Name                                      Cell/Site Name     Delay Name       Incr      Arrival/Required Time  Fanout  
----------------------------------------  -----------------  ---------------  --------  ---------------------  ------  
hf_osc/CLKHF                              HFOSC_HFOSC_R1C32  CLOCK LATENCY       0.000                  0.000  10      
mux/mux_counter/int_osc                                      NET DELAY           5.499                  5.499  10      
mux/mux_counter/count_37__i15/CK                             CLOCK PIN           0.000                  5.499  1       


Data Path
Name                                      Cell/Site Name     Delay Name       Incr      Arrival/Required Time  Fanout  
----------------------------------------  -----------------  ---------------  --------  ---------------------  ------  
mux/mux_counter/count_37__i15/CK->mux/mux_counter/count_37__i15/Q
                                          SLICE_R14C5A       CLK_TO_Q0_DELAY     1.388                  6.887  4       
mux/mux_counter/count[15]                                    NET DELAY           3.252                 10.139  4       
mux/mux_counter/i652_4_lut/A->mux/mux_counter/i652_4_lut/Z
                                          SLICE_R15C3D       A0_TO_F0_DELAY      0.449                 10.588  1       
mux/mux_counter/n701                                         NET DELAY           2.551                 13.139  1       
mux/mux_counter/i2_4_lut/C->mux/mux_counter/i2_4_lut/Z
                                          SLICE_R15C4B       A0_TO_F0_DELAY      0.476                 13.615  1       
mux/mux_counter/n6                                           NET DELAY           0.304                 13.919  1       
mux/mux_counter/i745_4_lut/C->mux/mux_counter/i745_4_lut/Z
                                          SLICE_R15C4B       C1_TO_F1_DELAY      0.449                 14.368  9       
mux/mux_counter/n21                                          NET DELAY           3.212                 17.580  9       
{mux/mux_counter/count_37__i13/SR   mux/mux_counter/count_37__i14/SR}
                                                             ENDPOINT            0.000                 17.580  1       


Destination Clock Path
Name                                      Cell/Site Name     Delay Name       Incr      Arrival/Required Time  Fanout  
----------------------------------------  -----------------  ---------------  --------  ---------------------  ------  
                                                             CONSTRAINT          0.000                 20.833  1       
hf_osc/CLKHF                              HFOSC_HFOSC_R1C32  CLOCK LATENCY       0.000                 20.833  10      
mux/mux_counter/int_osc                                      NET DELAY           5.499                 26.332  10      
{mux/mux_counter/count_37__i13/CK   mux/mux_counter/count_37__i14/CK}
                                                             CLOCK PIN           0.000                 26.332  1       
                                                             Uncertainty      -(0.000)                 26.332  
                                                             Setup time       -(0.529)                 25.803  
----------------------------------------  -----------------  ---------------  --------  ---------------------  ------  
Required Time                                                                                          25.803  
Arrival Time                                                                                        -(17.579)  
----------------------------------------  -----------------  ---------------  --------  ---------------------  ------  
Path Slack  (Passed)                                                                                    8.223  




++++ Path 10 ++++++++++++++++++++++++++++++++++++++++++++++++++++++++++ 

Path Begin       : mux/mux_counter/count_37__i0/Q  (SLICE_R14C3A)
Path End         : mux/mux_counter/count_37__i15/D  (SLICE_R14C5A)
Source Clock     : int_osc (R)
Destination Clock: int_osc (R)
Logic Level      : 17
Delay Ratio      : 38.4% (route), 61.6% (logic)
Clock Skew       : 0.000 ns 
Setup Constraint : 20.833 ns 
Path Slack       : 10.757 ns  (Passed)


Source Clock Path
Name                                      Cell/Site Name     Delay Name           Incr      Arrival/Required Time  Fanout  
----------------------------------------  -----------------  -------------------  --------  ---------------------  ------  
hf_osc/CLKHF                              HFOSC_HFOSC_R1C32  CLOCK LATENCY           0.000                  0.000  10      
mux/mux_counter/int_osc                                      NET DELAY               5.499                  5.499  10      
mux/mux_counter/count_37__i0/CK                              CLOCK PIN               0.000                  5.499  1       


Data Path
Name                                      Cell/Site Name     Delay Name           Incr      Arrival/Required Time  Fanout  
----------------------------------------  -----------------  -------------------  --------  ---------------------  ------  
mux/mux_counter/count_37__i0/CK->mux/mux_counter/count_37__i0/Q
                                          SLICE_R14C3A       CLK_TO_Q1_DELAY         1.388                  6.887  2       
mux/mux_counter/count[0]                                     NET DELAY               2.022                  8.909  2       
mux/mux_counter/count_37_add_4_1/C1->mux/mux_counter/count_37_add_4_1/CO1
                                          SLICE_R14C3A       C1_TO_COUT1_DELAY       0.343                  9.252  2       
mux/mux_counter/n554                                         NET DELAY               0.000                  9.252  2       
mux/mux_counter/count_37_add_4_3/CI0->mux/mux_counter/count_37_add_4_3/CO0
                                          SLICE_R14C3B       CIN0_TO_COUT0_DELAY     0.277                  9.529  2       
mux/mux_counter/n914                                         NET DELAY               0.000                  9.529  2       
mux/mux_counter/count_37_add_4_3/CI1->mux/mux_counter/count_37_add_4_3/CO1
                                          SLICE_R14C3B       CIN1_TO_COUT1_DELAY     0.277                  9.806  2       
mux/mux_counter/n556                                         NET DELAY               0.000                  9.806  2       
mux/mux_counter/count_37_add_4_5/CI0->mux/mux_counter/count_37_add_4_5/CO0
                                          SLICE_R14C3C       CIN0_TO_COUT0_DELAY     0.277                 10.083  2       
mux/mux_counter/n917                                         NET DELAY               0.000                 10.083  2       
mux/mux_counter/count_37_add_4_5/CI1->mux/mux_counter/count_37_add_4_5/CO1
                                          SLICE_R14C3C       CIN1_TO_COUT1_DELAY     0.277                 10.360  2       
mux/mux_counter/n558                                         NET DELAY               0.000                 10.360  2       
mux/mux_counter/count_37_add_4_7/CI0->mux/mux_counter/count_37_add_4_7/CO0
                                          SLICE_R14C3D       CIN0_TO_COUT0_DELAY     0.277                 10.637  2       
mux/mux_counter/n920                                         NET DELAY               0.000                 10.637  2       
mux/mux_counter/count_37_add_4_7/CI1->mux/mux_counter/count_37_add_4_7/CO1
                                          SLICE_R14C3D       CIN1_TO_COUT1_DELAY     0.277                 10.914  2       
mux/mux_counter/n560                                         NET DELAY               0.555                 11.469  2       
mux/mux_counter/count_37_add_4_9/CI0->mux/mux_counter/count_37_add_4_9/CO0
                                          SLICE_R14C4A       CIN0_TO_COUT0_DELAY     0.277                 11.746  2       
mux/mux_counter/n923                                         NET DELAY               0.000                 11.746  2       
mux/mux_counter/count_37_add_4_9/CI1->mux/mux_counter/count_37_add_4_9/CO1
                                          SLICE_R14C4A       CIN1_TO_COUT1_DELAY     0.277                 12.023  2       
mux/mux_counter/n562                                         NET DELAY               0.000                 12.023  2       
mux/mux_counter/count_37_add_4_11/CI0->mux/mux_counter/count_37_add_4_11/CO0
                                          SLICE_R14C4B       CIN0_TO_COUT0_DELAY     0.277                 12.300  2       
mux/mux_counter/n926                                         NET DELAY               0.000                 12.300  2       
mux/mux_counter/count_37_add_4_11/CI1->mux/mux_counter/count_37_add_4_11/CO1
                                          SLICE_R14C4B       CIN1_TO_COUT1_DELAY     0.277                 12.577  2       
mux/mux_counter/n564                                         NET DELAY               0.000                 12.577  2       
mux/mux_counter/count_37_add_4_13/CI0->mux/mux_counter/count_37_add_4_13/CO0
                                          SLICE_R14C4C       CIN0_TO_COUT0_DELAY     0.277                 12.854  2       
mux/mux_counter/n929                                         NET DELAY               0.000                 12.854  2       
mux/mux_counter/count_37_add_4_13/CI1->mux/mux_counter/count_37_add_4_13/CO1
                                          SLICE_R14C4C       CIN1_TO_COUT1_DELAY     0.277                 13.131  2       
mux/mux_counter/n566                                         NET DELAY               0.000                 13.131  2       
mux/mux_counter/count_37_add_4_15/CI0->mux/mux_counter/count_37_add_4_15/CO0
                                          SLICE_R14C4D       CIN0_TO_COUT0_DELAY     0.277                 13.408  2       
mux/mux_counter/n932                                         NET DELAY               0.000                 13.408  2       
mux/mux_counter/count_37_add_4_15/CI1->mux/mux_counter/count_37_add_4_15/CO1
                                          SLICE_R14C4D       CIN1_TO_COUT1_DELAY     0.277                 13.685  2       
mux/mux_counter/n568                                         NET DELAY               1.216                 14.901  2       
mux/mux_counter/count_37_add_4_17/D0->mux/mux_counter/count_37_add_4_17/S0
                                          SLICE_R14C5A       D0_TO_F0_DELAY          0.476                 15.377  1       
mux/mux_counter/n69[15]                                      NET DELAY               0.000                 15.377  1       
mux/mux_counter/count_37__i15/D                              ENDPOINT                0.000                 15.377  1       


Destination Clock Path
Name                                      Cell/Site Name     Delay Name           Incr      Arrival/Required Time  Fanout  
----------------------------------------  -----------------  -------------------  --------  ---------------------  ------  
                                                             CONSTRAINT              0.000                 20.833  1       
hf_osc/CLKHF                              HFOSC_HFOSC_R1C32  CLOCK LATENCY           0.000                 20.833  10      
mux/mux_counter/int_osc                                      NET DELAY               5.499                 26.332  10      
mux/mux_counter/count_37__i15/CK                             CLOCK PIN               0.000                 26.332  1       
                                                             Uncertainty          -(0.000)                 26.332  
                                                             Setup time           -(0.198)                 26.134  
----------------------------------------  -----------------  -------------------  --------  ---------------------  ------  
Required Time                                                                                              26.134  
Arrival Time                                                                                            -(15.376)  
----------------------------------------  -----------------  -------------------  --------  ---------------------  ------  
Path Slack  (Passed)                                                                                       10.757  



+++++++++++++++++++++++++++++++++++++++++++++++++++++++++++++++++++++ 
                    End of Detailed Report for timing paths 
+++++++++++++++++++++++++++++++++++++++++++++++++++++++++++++++++++++ 


##########################################################



===============================================================
3  Hold at Speed Grade m Corner at -40 Degrees
===============================================================

3.1  Endpoint slacks
=======================
-------------------------------------------------------
          Listing 10 End Points          |    Slack    
-------------------------------------------------------
mux/mux_counter/count_37__i8/D           |    1.913 ns 
mux/mux_counter/count_37__i0/D           |    1.913 ns 
mux/mux_counter/count_37__i9/D           |    1.913 ns 
mux/mux_counter/count_37__i10/D          |    1.913 ns 
mux/mux_counter/count_37__i1/D           |    1.913 ns 
mux/mux_counter/count_37__i2/D           |    1.913 ns 
mux/mux_counter/count_37__i11/D          |    1.913 ns 
mux/mux_counter/count_37__i12/D          |    1.913 ns 
mux/mux_counter/count_37__i13/D          |    1.913 ns 
mux/mux_counter/count_37__i14/D          |    1.913 ns 
-------------------------------------------------------
                                         |             
Hold # of endpoints with negative slack: |           0 
                                         |             
-------------------------------------------------------

3.2  Detailed Report
=======================


XXXXXXXXXXXXXXXXXXXXXXXXXXXXXXXXXXXXXXXXXXXXXXXXXXXXXXXXXX

Detail report of critical paths

XXXXXXXXXXXXXXXXXXXXXXXXXXXXXXXXXXXXXXXXXXXXXXXXXXXXXXXXXX

+++++++++++++++++++++++++++++++++++++++++++++++++++++++++++++++++++++ 
                    Detailed Report for timing paths 
+++++++++++++++++++++++++++++++++++++++++++++++++++++++++++++++++++++ 

++++ Path 1 ++++++++++++++++++++++++++++++++++++++++++++++++++++++++++ 

Path Begin       : mux/mux_counter/count_37__i8/Q  (SLICE_R14C4A)
Path End         : mux/mux_counter/count_37__i8/D  (SLICE_R14C4A)
Source Clock     : int_osc (R)
Destination Clock: int_osc (R)
Logic Level      : 2
Delay Ratio      : 46.1% (route), 53.9% (logic)
Clock Skew       : 0.000 ns 
Hold Constraint  : 0.000 ns 
Path Slack       : 1.913 ns  (Passed)


Source Clock Path
Name                                      Cell/Site Name     Delay Name       Incr   Arrival/Required Time  Fanout  
----------------------------------------  -----------------  ---------------  -----  ---------------------  ------  
hf_osc/CLKHF                              HFOSC_HFOSC_R1C32  CLOCK LATENCY    0.000                  0.000  11      
mux/mux_counter/int_osc                                      NET DELAY        3.084                  3.084  11      
{mux/mux_counter/count_37__i7/CK   mux/mux_counter/count_37__i8/CK}
                                                             CLOCK PIN        0.000                  3.084  1       


Data Path
Name                                      Cell/Site Name     Delay Name       Incr   Arrival/Required Time  Fanout  
----------------------------------------  -----------------  ---------------  -----  ---------------------  ------  
mux/mux_counter/count_37__i8/CK->mux/mux_counter/count_37__i8/Q
                                          SLICE_R14C4A       CLK_TO_Q1_DELAY  0.779                  3.863  3       
mux/mux_counter/count[8]                                     NET DELAY        0.882                  4.745  3       
mux/mux_counter/count_37_add_4_9/C1->mux/mux_counter/count_37_add_4_9/S1
                                          SLICE_R14C4A       C1_TO_F1_DELAY   0.252                  4.997  1       
mux/mux_counter/n69[8]                                       NET DELAY        0.000                  4.997  1       
mux/mux_counter/count_37__i8/D                               ENDPOINT         0.000                  4.997  1       


Destination Clock Path
Name                                      Cell/Site Name     Delay Name       Incr   Arrival/Required Time  Fanout  
----------------------------------------  -----------------  ---------------  -----  ---------------------  ------  
                                                             CONSTRAINT       0.000                  0.000  1       
hf_osc/CLKHF                              HFOSC_HFOSC_R1C32  CLOCK LATENCY    0.000                  0.000  11      
mux/mux_counter/int_osc                                      NET DELAY        3.084                  3.084  11      
{mux/mux_counter/count_37__i7/CK   mux/mux_counter/count_37__i8/CK}
                                                             CLOCK PIN        0.000                  3.084  1       
                                                             Uncertainty      0.000                  3.084  
                                                             Hold time        0.000                  3.084  
----------------------------------------  -----------------  ---------------  -----  ---------------------  ------  
Required Time                                                                                       -3.084  
Arrival Time                                                                                         4.997  
----------------------------------------  -----------------  ---------------  -----  ---------------------  ------  
Path Slack  (Passed)                                                                                 1.913  




++++ Path 2 ++++++++++++++++++++++++++++++++++++++++++++++++++++++++++ 

Path Begin       : mux/mux_counter/count_37__i0/Q  (SLICE_R14C3A)
Path End         : mux/mux_counter/count_37__i0/D  (SLICE_R14C3A)
Source Clock     : int_osc (R)
Destination Clock: int_osc (R)
Logic Level      : 2
Delay Ratio      : 46.1% (route), 53.9% (logic)
Clock Skew       : 0.000 ns 
Hold Constraint  : 0.000 ns 
Path Slack       : 1.913 ns  (Passed)


Source Clock Path
Name                                      Cell/Site Name     Delay Name       Incr   Arrival/Required Time  Fanout  
----------------------------------------  -----------------  ---------------  -----  ---------------------  ------  
hf_osc/CLKHF                              HFOSC_HFOSC_R1C32  CLOCK LATENCY    0.000                  0.000  11      
mux/mux_counter/int_osc                                      NET DELAY        3.084                  3.084  11      
mux/mux_counter/count_37__i0/CK                              CLOCK PIN        0.000                  3.084  1       


Data Path
Name                                      Cell/Site Name     Delay Name       Incr   Arrival/Required Time  Fanout  
----------------------------------------  -----------------  ---------------  -----  ---------------------  ------  
mux/mux_counter/count_37__i0/CK->mux/mux_counter/count_37__i0/Q
                                          SLICE_R14C3A       CLK_TO_Q1_DELAY  0.779                  3.863  2       
mux/mux_counter/count[0]                                     NET DELAY        0.882                  4.745  2       
mux/mux_counter/count_37_add_4_1/C1->mux/mux_counter/count_37_add_4_1/S1
                                          SLICE_R14C3A       C1_TO_F1_DELAY   0.252                  4.997  1       
mux/mux_counter/n69[0]                                       NET DELAY        0.000                  4.997  1       
mux/mux_counter/count_37__i0/D                               ENDPOINT         0.000                  4.997  1       


Destination Clock Path
Name                                      Cell/Site Name     Delay Name       Incr   Arrival/Required Time  Fanout  
----------------------------------------  -----------------  ---------------  -----  ---------------------  ------  
                                                             CONSTRAINT       0.000                  0.000  1       
hf_osc/CLKHF                              HFOSC_HFOSC_R1C32  CLOCK LATENCY    0.000                  0.000  11      
mux/mux_counter/int_osc                                      NET DELAY        3.084                  3.084  11      
mux/mux_counter/count_37__i0/CK                              CLOCK PIN        0.000                  3.084  1       
                                                             Uncertainty      0.000                  3.084  
                                                             Hold time        0.000                  3.084  
----------------------------------------  -----------------  ---------------  -----  ---------------------  ------  
Required Time                                                                                       -3.084  
Arrival Time                                                                                         4.997  
----------------------------------------  -----------------  ---------------  -----  ---------------------  ------  
Path Slack  (Passed)                                                                                 1.913  




++++ Path 3 ++++++++++++++++++++++++++++++++++++++++++++++++++++++++++ 

Path Begin       : mux/mux_counter/count_37__i9/Q  (SLICE_R14C4B)
Path End         : mux/mux_counter/count_37__i9/D  (SLICE_R14C4B)
Source Clock     : int_osc (R)
Destination Clock: int_osc (R)
Logic Level      : 2
Delay Ratio      : 46.1% (route), 53.9% (logic)
Clock Skew       : 0.000 ns 
Hold Constraint  : 0.000 ns 
Path Slack       : 1.913 ns  (Passed)


Source Clock Path
Name                                      Cell/Site Name     Delay Name       Incr   Arrival/Required Time  Fanout  
----------------------------------------  -----------------  ---------------  -----  ---------------------  ------  
hf_osc/CLKHF                              HFOSC_HFOSC_R1C32  CLOCK LATENCY    0.000                  0.000  11      
mux/mux_counter/int_osc                                      NET DELAY        3.084                  3.084  11      
{mux/mux_counter/count_37__i9/CK   mux/mux_counter/count_37__i10/CK}
                                                             CLOCK PIN        0.000                  3.084  1       


Data Path
Name                                      Cell/Site Name     Delay Name       Incr   Arrival/Required Time  Fanout  
----------------------------------------  -----------------  ---------------  -----  ---------------------  ------  
mux/mux_counter/count_37__i9/CK->mux/mux_counter/count_37__i9/Q
                                          SLICE_R14C4B       CLK_TO_Q0_DELAY  0.779                  3.863  3       
mux/mux_counter/count[9]                                     NET DELAY        0.882                  4.745  3       
mux/mux_counter/count_37_add_4_11/C0->mux/mux_counter/count_37_add_4_11/S0
                                          SLICE_R14C4B       C0_TO_F0_DELAY   0.252                  4.997  1       
mux/mux_counter/n69[9]                                       NET DELAY        0.000                  4.997  1       
mux/mux_counter/count_37__i9/D                               ENDPOINT         0.000                  4.997  1       


Destination Clock Path
Name                                      Cell/Site Name     Delay Name       Incr   Arrival/Required Time  Fanout  
----------------------------------------  -----------------  ---------------  -----  ---------------------  ------  
                                                             CONSTRAINT       0.000                  0.000  1       
hf_osc/CLKHF                              HFOSC_HFOSC_R1C32  CLOCK LATENCY    0.000                  0.000  11      
mux/mux_counter/int_osc                                      NET DELAY        3.084                  3.084  11      
{mux/mux_counter/count_37__i9/CK   mux/mux_counter/count_37__i10/CK}
                                                             CLOCK PIN        0.000                  3.084  1       
                                                             Uncertainty      0.000                  3.084  
                                                             Hold time        0.000                  3.084  
----------------------------------------  -----------------  ---------------  -----  ---------------------  ------  
Required Time                                                                                       -3.084  
Arrival Time                                                                                         4.997  
----------------------------------------  -----------------  ---------------  -----  ---------------------  ------  
Path Slack  (Passed)                                                                                 1.913  




++++ Path 4 ++++++++++++++++++++++++++++++++++++++++++++++++++++++++++ 

Path Begin       : mux/mux_counter/count_37__i10/Q  (SLICE_R14C4B)
Path End         : mux/mux_counter/count_37__i10/D  (SLICE_R14C4B)
Source Clock     : int_osc (R)
Destination Clock: int_osc (R)
Logic Level      : 2
Delay Ratio      : 46.1% (route), 53.9% (logic)
Clock Skew       : 0.000 ns 
Hold Constraint  : 0.000 ns 
Path Slack       : 1.913 ns  (Passed)


Source Clock Path
Name                                      Cell/Site Name     Delay Name       Incr   Arrival/Required Time  Fanout  
----------------------------------------  -----------------  ---------------  -----  ---------------------  ------  
hf_osc/CLKHF                              HFOSC_HFOSC_R1C32  CLOCK LATENCY    0.000                  0.000  11      
mux/mux_counter/int_osc                                      NET DELAY        3.084                  3.084  11      
{mux/mux_counter/count_37__i9/CK   mux/mux_counter/count_37__i10/CK}
                                                             CLOCK PIN        0.000                  3.084  1       


Data Path
Name                                      Cell/Site Name     Delay Name       Incr   Arrival/Required Time  Fanout  
----------------------------------------  -----------------  ---------------  -----  ---------------------  ------  
mux/mux_counter/count_37__i10/CK->mux/mux_counter/count_37__i10/Q
                                          SLICE_R14C4B       CLK_TO_Q1_DELAY  0.779                  3.863  3       
mux/mux_counter/count[10]                                    NET DELAY        0.882                  4.745  3       
mux/mux_counter/count_37_add_4_11/C1->mux/mux_counter/count_37_add_4_11/S1
                                          SLICE_R14C4B       C1_TO_F1_DELAY   0.252                  4.997  1       
mux/mux_counter/n69[10]                                      NET DELAY        0.000                  4.997  1       
mux/mux_counter/count_37__i10/D                              ENDPOINT         0.000                  4.997  1       


Destination Clock Path
Name                                      Cell/Site Name     Delay Name       Incr   Arrival/Required Time  Fanout  
----------------------------------------  -----------------  ---------------  -----  ---------------------  ------  
                                                             CONSTRAINT       0.000                  0.000  1       
hf_osc/CLKHF                              HFOSC_HFOSC_R1C32  CLOCK LATENCY    0.000                  0.000  11      
mux/mux_counter/int_osc                                      NET DELAY        3.084                  3.084  11      
{mux/mux_counter/count_37__i9/CK   mux/mux_counter/count_37__i10/CK}
                                                             CLOCK PIN        0.000                  3.084  1       
                                                             Uncertainty      0.000                  3.084  
                                                             Hold time        0.000                  3.084  
----------------------------------------  -----------------  ---------------  -----  ---------------------  ------  
Required Time                                                                                       -3.084  
Arrival Time                                                                                         4.997  
----------------------------------------  -----------------  ---------------  -----  ---------------------  ------  
Path Slack  (Passed)                                                                                 1.913  




++++ Path 5 ++++++++++++++++++++++++++++++++++++++++++++++++++++++++++ 

Path Begin       : mux/mux_counter/count_37__i1/Q  (SLICE_R14C3B)
Path End         : mux/mux_counter/count_37__i1/D  (SLICE_R14C3B)
Source Clock     : int_osc (R)
Destination Clock: int_osc (R)
Logic Level      : 2
Delay Ratio      : 46.1% (route), 53.9% (logic)
Clock Skew       : 0.000 ns 
Hold Constraint  : 0.000 ns 
Path Slack       : 1.913 ns  (Passed)


Source Clock Path
Name                                      Cell/Site Name     Delay Name       Incr   Arrival/Required Time  Fanout  
----------------------------------------  -----------------  ---------------  -----  ---------------------  ------  
hf_osc/CLKHF                              HFOSC_HFOSC_R1C32  CLOCK LATENCY    0.000                  0.000  11      
mux/mux_counter/int_osc                                      NET DELAY        3.084                  3.084  11      
{mux/mux_counter/count_37__i1/CK   mux/mux_counter/count_37__i2/CK}
                                                             CLOCK PIN        0.000                  3.084  1       


Data Path
Name                                      Cell/Site Name     Delay Name       Incr   Arrival/Required Time  Fanout  
----------------------------------------  -----------------  ---------------  -----  ---------------------  ------  
mux/mux_counter/count_37__i1/CK->mux/mux_counter/count_37__i1/Q
                                          SLICE_R14C3B       CLK_TO_Q0_DELAY  0.779                  3.863  2       
mux/mux_counter/count[1]                                     NET DELAY        0.882                  4.745  2       
mux/mux_counter/count_37_add_4_3/C0->mux/mux_counter/count_37_add_4_3/S0
                                          SLICE_R14C3B       C0_TO_F0_DELAY   0.252                  4.997  1       
mux/mux_counter/n69[1]                                       NET DELAY        0.000                  4.997  1       
mux/mux_counter/count_37__i1/D                               ENDPOINT         0.000                  4.997  1       


Destination Clock Path
Name                                      Cell/Site Name     Delay Name       Incr   Arrival/Required Time  Fanout  
----------------------------------------  -----------------  ---------------  -----  ---------------------  ------  
                                                             CONSTRAINT       0.000                  0.000  1       
hf_osc/CLKHF                              HFOSC_HFOSC_R1C32  CLOCK LATENCY    0.000                  0.000  11      
mux/mux_counter/int_osc                                      NET DELAY        3.084                  3.084  11      
{mux/mux_counter/count_37__i1/CK   mux/mux_counter/count_37__i2/CK}
                                                             CLOCK PIN        0.000                  3.084  1       
                                                             Uncertainty      0.000                  3.084  
                                                             Hold time        0.000                  3.084  
----------------------------------------  -----------------  ---------------  -----  ---------------------  ------  
Required Time                                                                                       -3.084  
Arrival Time                                                                                         4.997  
----------------------------------------  -----------------  ---------------  -----  ---------------------  ------  
Path Slack  (Passed)                                                                                 1.913  




++++ Path 6 ++++++++++++++++++++++++++++++++++++++++++++++++++++++++++ 

Path Begin       : mux/mux_counter/count_37__i2/Q  (SLICE_R14C3B)
Path End         : mux/mux_counter/count_37__i2/D  (SLICE_R14C3B)
Source Clock     : int_osc (R)
Destination Clock: int_osc (R)
Logic Level      : 2
Delay Ratio      : 46.1% (route), 53.9% (logic)
Clock Skew       : 0.000 ns 
Hold Constraint  : 0.000 ns 
Path Slack       : 1.913 ns  (Passed)


Source Clock Path
Name                                      Cell/Site Name     Delay Name       Incr   Arrival/Required Time  Fanout  
----------------------------------------  -----------------  ---------------  -----  ---------------------  ------  
hf_osc/CLKHF                              HFOSC_HFOSC_R1C32  CLOCK LATENCY    0.000                  0.000  11      
mux/mux_counter/int_osc                                      NET DELAY        3.084                  3.084  11      
{mux/mux_counter/count_37__i1/CK   mux/mux_counter/count_37__i2/CK}
                                                             CLOCK PIN        0.000                  3.084  1       


Data Path
Name                                      Cell/Site Name     Delay Name       Incr   Arrival/Required Time  Fanout  
----------------------------------------  -----------------  ---------------  -----  ---------------------  ------  
mux/mux_counter/count_37__i2/CK->mux/mux_counter/count_37__i2/Q
                                          SLICE_R14C3B       CLK_TO_Q1_DELAY  0.779                  3.863  2       
mux/mux_counter/count[2]                                     NET DELAY        0.882                  4.745  2       
mux/mux_counter/count_37_add_4_3/C1->mux/mux_counter/count_37_add_4_3/S1
                                          SLICE_R14C3B       C1_TO_F1_DELAY   0.252                  4.997  1       
mux/mux_counter/n69[2]                                       NET DELAY        0.000                  4.997  1       
mux/mux_counter/count_37__i2/D                               ENDPOINT         0.000                  4.997  1       


Destination Clock Path
Name                                      Cell/Site Name     Delay Name       Incr   Arrival/Required Time  Fanout  
----------------------------------------  -----------------  ---------------  -----  ---------------------  ------  
                                                             CONSTRAINT       0.000                  0.000  1       
hf_osc/CLKHF                              HFOSC_HFOSC_R1C32  CLOCK LATENCY    0.000                  0.000  11      
mux/mux_counter/int_osc                                      NET DELAY        3.084                  3.084  11      
{mux/mux_counter/count_37__i1/CK   mux/mux_counter/count_37__i2/CK}
                                                             CLOCK PIN        0.000                  3.084  1       
                                                             Uncertainty      0.000                  3.084  
                                                             Hold time        0.000                  3.084  
----------------------------------------  -----------------  ---------------  -----  ---------------------  ------  
Required Time                                                                                       -3.084  
Arrival Time                                                                                         4.997  
----------------------------------------  -----------------  ---------------  -----  ---------------------  ------  
Path Slack  (Passed)                                                                                 1.913  




++++ Path 7 ++++++++++++++++++++++++++++++++++++++++++++++++++++++++++ 

Path Begin       : mux/mux_counter/count_37__i11/Q  (SLICE_R14C4C)
Path End         : mux/mux_counter/count_37__i11/D  (SLICE_R14C4C)
Source Clock     : int_osc (R)
Destination Clock: int_osc (R)
Logic Level      : 2
Delay Ratio      : 46.1% (route), 53.9% (logic)
Clock Skew       : 0.000 ns 
Hold Constraint  : 0.000 ns 
Path Slack       : 1.913 ns  (Passed)


Source Clock Path
Name                                      Cell/Site Name     Delay Name       Incr   Arrival/Required Time  Fanout  
----------------------------------------  -----------------  ---------------  -----  ---------------------  ------  
hf_osc/CLKHF                              HFOSC_HFOSC_R1C32  CLOCK LATENCY    0.000                  0.000  11      
mux/mux_counter/int_osc                                      NET DELAY        3.084                  3.084  11      
{mux/mux_counter/count_37__i11/CK   mux/mux_counter/count_37__i12/CK}
                                                             CLOCK PIN        0.000                  3.084  1       


Data Path
Name                                      Cell/Site Name     Delay Name       Incr   Arrival/Required Time  Fanout  
----------------------------------------  -----------------  ---------------  -----  ---------------------  ------  
mux/mux_counter/count_37__i11/CK->mux/mux_counter/count_37__i11/Q
                                          SLICE_R14C4C       CLK_TO_Q0_DELAY  0.779                  3.863  3       
mux/mux_counter/count[11]                                    NET DELAY        0.882                  4.745  3       
mux/mux_counter/count_37_add_4_13/C0->mux/mux_counter/count_37_add_4_13/S0
                                          SLICE_R14C4C       C0_TO_F0_DELAY   0.252                  4.997  1       
mux/mux_counter/n69[11]                                      NET DELAY        0.000                  4.997  1       
mux/mux_counter/count_37__i11/D                              ENDPOINT         0.000                  4.997  1       


Destination Clock Path
Name                                      Cell/Site Name     Delay Name       Incr   Arrival/Required Time  Fanout  
----------------------------------------  -----------------  ---------------  -----  ---------------------  ------  
                                                             CONSTRAINT       0.000                  0.000  1       
hf_osc/CLKHF                              HFOSC_HFOSC_R1C32  CLOCK LATENCY    0.000                  0.000  11      
mux/mux_counter/int_osc                                      NET DELAY        3.084                  3.084  11      
{mux/mux_counter/count_37__i11/CK   mux/mux_counter/count_37__i12/CK}
                                                             CLOCK PIN        0.000                  3.084  1       
                                                             Uncertainty      0.000                  3.084  
                                                             Hold time        0.000                  3.084  
----------------------------------------  -----------------  ---------------  -----  ---------------------  ------  
Required Time                                                                                       -3.084  
Arrival Time                                                                                         4.997  
----------------------------------------  -----------------  ---------------  -----  ---------------------  ------  
Path Slack  (Passed)                                                                                 1.913  




++++ Path 8 ++++++++++++++++++++++++++++++++++++++++++++++++++++++++++ 

Path Begin       : mux/mux_counter/count_37__i12/Q  (SLICE_R14C4C)
Path End         : mux/mux_counter/count_37__i12/D  (SLICE_R14C4C)
Source Clock     : int_osc (R)
Destination Clock: int_osc (R)
Logic Level      : 2
Delay Ratio      : 46.1% (route), 53.9% (logic)
Clock Skew       : 0.000 ns 
Hold Constraint  : 0.000 ns 
Path Slack       : 1.913 ns  (Passed)


Source Clock Path
Name                                      Cell/Site Name     Delay Name       Incr   Arrival/Required Time  Fanout  
----------------------------------------  -----------------  ---------------  -----  ---------------------  ------  
hf_osc/CLKHF                              HFOSC_HFOSC_R1C32  CLOCK LATENCY    0.000                  0.000  11      
mux/mux_counter/int_osc                                      NET DELAY        3.084                  3.084  11      
{mux/mux_counter/count_37__i11/CK   mux/mux_counter/count_37__i12/CK}
                                                             CLOCK PIN        0.000                  3.084  1       


Data Path
Name                                      Cell/Site Name     Delay Name       Incr   Arrival/Required Time  Fanout  
----------------------------------------  -----------------  ---------------  -----  ---------------------  ------  
mux/mux_counter/count_37__i12/CK->mux/mux_counter/count_37__i12/Q
                                          SLICE_R14C4C       CLK_TO_Q1_DELAY  0.779                  3.863  3       
mux/mux_counter/count[12]                                    NET DELAY        0.882                  4.745  3       
mux/mux_counter/count_37_add_4_13/C1->mux/mux_counter/count_37_add_4_13/S1
                                          SLICE_R14C4C       C1_TO_F1_DELAY   0.252                  4.997  1       
mux/mux_counter/n69[12]                                      NET DELAY        0.000                  4.997  1       
mux/mux_counter/count_37__i12/D                              ENDPOINT         0.000                  4.997  1       


Destination Clock Path
Name                                      Cell/Site Name     Delay Name       Incr   Arrival/Required Time  Fanout  
----------------------------------------  -----------------  ---------------  -----  ---------------------  ------  
                                                             CONSTRAINT       0.000                  0.000  1       
hf_osc/CLKHF                              HFOSC_HFOSC_R1C32  CLOCK LATENCY    0.000                  0.000  11      
mux/mux_counter/int_osc                                      NET DELAY        3.084                  3.084  11      
{mux/mux_counter/count_37__i11/CK   mux/mux_counter/count_37__i12/CK}
                                                             CLOCK PIN        0.000                  3.084  1       
                                                             Uncertainty      0.000                  3.084  
                                                             Hold time        0.000                  3.084  
----------------------------------------  -----------------  ---------------  -----  ---------------------  ------  
Required Time                                                                                       -3.084  
Arrival Time                                                                                         4.997  
----------------------------------------  -----------------  ---------------  -----  ---------------------  ------  
Path Slack  (Passed)                                                                                 1.913  




++++ Path 9 ++++++++++++++++++++++++++++++++++++++++++++++++++++++++++ 

Path Begin       : mux/mux_counter/count_37__i13/Q  (SLICE_R14C4D)
Path End         : mux/mux_counter/count_37__i13/D  (SLICE_R14C4D)
Source Clock     : int_osc (R)
Destination Clock: int_osc (R)
Logic Level      : 2
Delay Ratio      : 46.1% (route), 53.9% (logic)
Clock Skew       : 0.000 ns 
Hold Constraint  : 0.000 ns 
Path Slack       : 1.913 ns  (Passed)


Source Clock Path
Name                                      Cell/Site Name     Delay Name       Incr   Arrival/Required Time  Fanout  
----------------------------------------  -----------------  ---------------  -----  ---------------------  ------  
hf_osc/CLKHF                              HFOSC_HFOSC_R1C32  CLOCK LATENCY    0.000                  0.000  11      
mux/mux_counter/int_osc                                      NET DELAY        3.084                  3.084  11      
{mux/mux_counter/count_37__i13/CK   mux/mux_counter/count_37__i14/CK}
                                                             CLOCK PIN        0.000                  3.084  1       


Data Path
Name                                      Cell/Site Name     Delay Name       Incr   Arrival/Required Time  Fanout  
----------------------------------------  -----------------  ---------------  -----  ---------------------  ------  
mux/mux_counter/count_37__i13/CK->mux/mux_counter/count_37__i13/Q
                                          SLICE_R14C4D       CLK_TO_Q0_DELAY  0.779                  3.863  4       
mux/mux_counter/count[13]                                    NET DELAY        0.882                  4.745  4       
mux/mux_counter/count_37_add_4_15/C0->mux/mux_counter/count_37_add_4_15/S0
                                          SLICE_R14C4D       C0_TO_F0_DELAY   0.252                  4.997  1       
mux/mux_counter/n69[13]                                      NET DELAY        0.000                  4.997  1       
mux/mux_counter/count_37__i13/D                              ENDPOINT         0.000                  4.997  1       


Destination Clock Path
Name                                      Cell/Site Name     Delay Name       Incr   Arrival/Required Time  Fanout  
----------------------------------------  -----------------  ---------------  -----  ---------------------  ------  
                                                             CONSTRAINT       0.000                  0.000  1       
hf_osc/CLKHF                              HFOSC_HFOSC_R1C32  CLOCK LATENCY    0.000                  0.000  11      
mux/mux_counter/int_osc                                      NET DELAY        3.084                  3.084  11      
{mux/mux_counter/count_37__i13/CK   mux/mux_counter/count_37__i14/CK}
                                                             CLOCK PIN        0.000                  3.084  1       
                                                             Uncertainty      0.000                  3.084  
                                                             Hold time        0.000                  3.084  
----------------------------------------  -----------------  ---------------  -----  ---------------------  ------  
Required Time                                                                                       -3.084  
Arrival Time                                                                                         4.997  
----------------------------------------  -----------------  ---------------  -----  ---------------------  ------  
Path Slack  (Passed)                                                                                 1.913  




++++ Path 10 ++++++++++++++++++++++++++++++++++++++++++++++++++++++++++ 

Path Begin       : mux/mux_counter/count_37__i14/Q  (SLICE_R14C4D)
Path End         : mux/mux_counter/count_37__i14/D  (SLICE_R14C4D)
Source Clock     : int_osc (R)
Destination Clock: int_osc (R)
Logic Level      : 2
Delay Ratio      : 46.1% (route), 53.9% (logic)
Clock Skew       : 0.000 ns 
Hold Constraint  : 0.000 ns 
Path Slack       : 1.913 ns  (Passed)


Source Clock Path
Name                                      Cell/Site Name     Delay Name       Incr   Arrival/Required Time  Fanout  
----------------------------------------  -----------------  ---------------  -----  ---------------------  ------  
hf_osc/CLKHF                              HFOSC_HFOSC_R1C32  CLOCK LATENCY    0.000                  0.000  11      
mux/mux_counter/int_osc                                      NET DELAY        3.084                  3.084  11      
{mux/mux_counter/count_37__i13/CK   mux/mux_counter/count_37__i14/CK}
                                                             CLOCK PIN        0.000                  3.084  1       


Data Path
Name                                      Cell/Site Name     Delay Name       Incr   Arrival/Required Time  Fanout  
----------------------------------------  -----------------  ---------------  -----  ---------------------  ------  
mux/mux_counter/count_37__i14/CK->mux/mux_counter/count_37__i14/Q
                                          SLICE_R14C4D       CLK_TO_Q1_DELAY  0.779                  3.863  4       
mux/mux_counter/count[14]                                    NET DELAY        0.882                  4.745  4       
mux/mux_counter/count_37_add_4_15/C1->mux/mux_counter/count_37_add_4_15/S1
                                          SLICE_R14C4D       C1_TO_F1_DELAY   0.252                  4.997  1       
mux/mux_counter/n69[14]                                      NET DELAY        0.000                  4.997  1       
mux/mux_counter/count_37__i14/D                              ENDPOINT         0.000                  4.997  1       


Destination Clock Path
Name                                      Cell/Site Name     Delay Name       Incr   Arrival/Required Time  Fanout  
----------------------------------------  -----------------  ---------------  -----  ---------------------  ------  
                                                             CONSTRAINT       0.000                  0.000  1       
hf_osc/CLKHF                              HFOSC_HFOSC_R1C32  CLOCK LATENCY    0.000                  0.000  11      
mux/mux_counter/int_osc                                      NET DELAY        3.084                  3.084  11      
{mux/mux_counter/count_37__i13/CK   mux/mux_counter/count_37__i14/CK}
                                                             CLOCK PIN        0.000                  3.084  1       
                                                             Uncertainty      0.000                  3.084  
                                                             Hold time        0.000                  3.084  
----------------------------------------  -----------------  ---------------  -----  ---------------------  ------  
Required Time                                                                                       -3.084  
Arrival Time                                                                                         4.997  
----------------------------------------  -----------------  ---------------  -----  ---------------------  ------  
Path Slack  (Passed)                                                                                 1.913  



+++++++++++++++++++++++++++++++++++++++++++++++++++++++++++++++++++++ 
                    End of Detailed Report for timing paths 
+++++++++++++++++++++++++++++++++++++++++++++++++++++++++++++++++++++ 


##########################################################



